fs.c
input.c
main.c
ui.c
make : C:/Users/bryso/OneDrive/Desktop/hello-world/source/ui.c: In function 
'ui_render':
At line:1 char:1
+ make 2>&1 | tee build_output.txt
+ ~~~~~~~~~
    + CategoryInfo          : NotSpecified: (C:/Users/bryso/...on 'ui_render': 
   :String) [], RemoteException
    + FullyQualifiedErrorId : NativeCommandError
 
C:/Users/bryso/OneDrive/Desktop/hello-world/source/ui.c:79:51: warning: ' (' 
directive output may be truncated writing 2 bytes into a region of size 
between 1 and 256 [-Wformat-truncation=]
   79 |             snprintf(display, sizeof(display), "%s (%d%s)", 
entry->name, display_size, unit);
      |                                                   ^~
C:/Users/bryso/OneDrive/Desktop/hello-world/source/ui.c:79:13: note: 
'snprintf' output between 6 and 272 bytes into a destination of size 256
   79 |             snprintf(display, sizeof(display), "%s (%d%s)", 
entry->name, display_size, unit);
      |             ^~~~~~~~~~~~~~~~~~~~~~~~~~~~~~~~~~~~~~~~~~~~~~~~~~~~~~~~~~~
~~~~~~~~~~~~~~~~~~~~~
C:/Users/bryso/OneDrive/Desktop/hello-world/source/ui.c:64:52: warning: ']' 
directive output may be truncated writing 1 byte into a region of size between 
0 and 255 [-Wformat-truncation=]
   64 |             snprintf(display, sizeof(display), "[%s]", entry->name);
      |                                                    ^
C:/Users/bryso/OneDrive/Desktop/hello-world/source/ui.c:64:13: note: 
'snprintf' output between 3 and 258 bytes into a destination of size 256
   64 |             snprintf(display, sizeof(display), "[%s]", entry->name);
      |             ^~~~~~~~~~~~~~~~~~~~~~~~~~~~~~~~~~~~~~~~~~~~~~~~~~~~~~~
C:/Users/bryso/OneDrive/Desktop/hello-world/source/ui.c:99:49: warning: '%s' 
directive output may be truncated writing up to 255 bytes into a region of 
size 246 [-Wformat-truncation=]
   99 |         snprintf(info, sizeof(info), "Selected: %s (%s)",
      |                                                 ^~
C:/Users/bryso/OneDrive/Desktop/hello-world/source/ui.c:99:9: note: 'snprintf' 
output between 17 and 273 bytes into a destination of size 256
   99 |         snprintf(info, sizeof(info), "Selected: %s (%s)",
      |         ^~~~~~~~~~~~~~~~~~~~~~~~~~~~~~~~~~~~~~~~~~~~~~~~~
  100 |                  sel->name, sel->is_dir ? "DIR" : "FILE");
      |                  ~~~~~~~~~~~~~~~~~~~~~~~~~~~~~~~~~~~~~~~~
text.c
C:/Users/bryso/OneDrive/Desktop/hello-world/libs/text/text.c:12:21: warning: 
'console' defined but not used [-Wunused-variable]
   12 | static PrintConsole console;
      |                     ^~~~~~~
utils.c
linking hello-world.elf
built ... hello-world.nacp
built ... hello-world.nro
