Archive member included to satisfy reference by file (symbol)

C:\devkitPro/libnx/lib\libnx.a(applet.o)
                              launch.o (appletGetAppletType)
C:\devkitPro/libnx/lib\libnx.a(fs.o)
                              fs.o (fsOpenSdCardFileSystem)
C:\devkitPro/libnx/lib\libnx.a(sm.o)
                              C:\devkitPro/libnx/lib\libnx.a(applet.o) (smGetServiceWrapper)
C:\devkitPro/libnx/lib\libnx.a(swkbd.o)
                              main.o (swkbdCreate)
C:\devkitPro/libnx/lib\libnx.a(alloc.o)
                              C:\devkitPro/libnx/lib\libnx.a(swkbd.o) (__libnx_alloc)
C:\devkitPro/libnx/lib\libnx.a(diag.o)
                              C:\devkitPro/libnx/lib\libnx.a(applet.o) (diagAbortWithResult)
C:\devkitPro/libnx/lib\libnx.a(env.o)
                              C:\devkitPro/libnx/lib\libnx.a(applet.o) (envIsNso)
C:\devkitPro/libnx/lib\libnx.a(hosversion.o)
                              C:\devkitPro/libnx/lib\libnx.a(applet.o) (hosversionGet)
C:\devkitPro/libnx/lib\libnx.a(pad.o)
                              input.o (padConfigureInput)
C:\devkitPro/libnx/lib\libnx.a(console.o)
                              text.o (consoleInit)
C:\devkitPro/libnx/lib\libnx.a(console_sw.o)
                              C:\devkitPro/libnx/lib\libnx.a(console.o) (getDefaultConsoleRenderer)
C:\devkitPro/libnx/lib\libnx.a(fs_dev.o)
                              fs.o (fsdevMountDevice)
C:\devkitPro/libnx/lib\libnx.a(path_buf.o)
                              C:\devkitPro/libnx/lib\libnx.a(fs_dev.o) (__nx_dev_path_buf)
C:\devkitPro/libnx/lib\libnx.a(decode_utf8.o)
                              C:\devkitPro/libnx/lib\libnx.a(fs_dev.o) (decode_utf8)
C:\devkitPro/libnx/lib\libnx.a(utf16_to_utf8.o)
                              C:\devkitPro/libnx/lib\libnx.a(swkbd.o) (utf16_to_utf8)
C:\devkitPro/libnx/lib\libnx.a(utf8_to_utf16.o)
                              C:\devkitPro/libnx/lib\libnx.a(swkbd.o) (utf8_to_utf16)
C:\devkitPro/libnx/lib\libnx.a(svc.o)
                              launch.o (svcExitProcess)
C:\devkitPro/libnx/lib\libnx.a(readtp.o)
                              C:\devkitPro/libnx/lib\libnx.a(fs.o) (__aarch64_read_tp)
C:\devkitPro/libnx/lib\libnx.a(switch_crt0.o)
                              (_start)
C:\devkitPro/libnx/lib\libnx.a(default_font.bin.o)
                              C:\devkitPro/libnx/lib\libnx.a(console.o) (default_font_bin)
C:\devkitPro/libnx/lib\libnx.a(event.o)
                              C:\devkitPro/libnx/lib\libnx.a(applet.o) (eventLoadRemote)
C:\devkitPro/libnx/lib\libnx.a(mutex.o)
                              C:\devkitPro/libnx/lib\libnx.a(applet.o) (mutexLock)
C:\devkitPro/libnx/lib\libnx.a(tmem.o)
                              C:\devkitPro/libnx/lib\libnx.a(applet.o) (tmemCreate)
C:\devkitPro/libnx/lib\libnx.a(virtmem.o)
                              C:\devkitPro/libnx/lib\libnx.a(tmem.o) (virtmemLock)
C:\devkitPro/libnx/lib\libnx.a(wait.o)
                              C:\devkitPro/libnx/lib\libnx.a(applet.o) (waitObjects)
C:\devkitPro/libnx/lib\libnx.a(sessionmgr.o)
                              C:\devkitPro/libnx/lib\libnx.a(fs.o) (sessionmgrCreate)
C:\devkitPro/libnx/lib\libnx.a(apm.o)
                              C:\devkitPro/libnx/lib\libnx.a(applet.o) (apmInitialize)
C:\devkitPro/libnx/lib\libnx.a(hid.o)
                              C:\devkitPro/libnx/lib\libnx.a(pad.o) (hidGetNpadStyleSet)
C:\devkitPro/libnx/lib\libnx.a(time.o)
                              C:\devkitPro/libnx/lib\libnx.a(fs_dev.o) (timeToPosixTimeWithMyRule)
C:\devkitPro/libnx/lib\libnx.a(vi.o)
                              C:\devkitPro/libnx/lib\libnx.a(swkbd.o) (viGetIndirectLayerImageMap)
C:\devkitPro/libnx/lib\libnx.a(default_window.o)
                              C:\devkitPro/libnx/lib\libnx.a(console_sw.o) (nwindowGetDefault)
C:\devkitPro/libnx/lib\libnx.a(framebuffer.o)
                              C:\devkitPro/libnx/lib\libnx.a(console_sw.o) (framebufferMakeLinear)
C:\devkitPro/libnx/lib\libnx.a(native_window.o)
                              C:\devkitPro/libnx/lib\libnx.a(framebuffer.o) (nwindowIsValid)
C:\devkitPro/libnx/lib\libnx.a(libapplet.o)
                              C:\devkitPro/libnx/lib\libnx.a(swkbd.o) (libappletArgsCreate)
C:\devkitPro/libnx/lib\libnx.a(argv.o)
                              C:\devkitPro/libnx/lib\libnx.a(fs_dev.o) (__system_argc)
C:\devkitPro/libnx/lib\libnx.a(dynamic.o)
                              C:\devkitPro/libnx/lib\libnx.a(switch_crt0.o) (__nx_dynamic)
C:\devkitPro/libnx/lib\libnx.a(init.o)
                              C:\devkitPro/libnx/lib\libnx.a(switch_crt0.o) (__libnx_init)
C:\devkitPro/libnx/lib\libnx.a(newlib.o)
                              C:\devkitPro/libnx/lib\libnx.a(init.o) (__libnx_init_time)
C:\devkitPro/libnx/lib\libnx.a(nxlink.o)
                              C:\devkitPro/libnx/lib\libnx.a(argv.o) (nxlinkSetup)
[...]
Memory Configuration

Name             Origin             Length             Attributes
*default*        0x0000000000000000 0xffffffffffffffff

Linker script and memory map

                0x0000000000000000                PROVIDE (__start__ = 0x0)
                0x0000000000000000                . = __start__
                [!provide]                        PROVIDE (__code_start = .)

.text           0x0000000000000000    0x29b08
 *(.crt0)
 .crt0          0x0000000000000000      0x130 C:\devkitPro/libnx/lib\libnx.a(switch_crt0.o)
                0x0000000000000000                _start
                0x00000000000000e0                __nx_exit
                0x00000000000000f0                __nx_mod0
 *(.text.unlikely .text.*_unlikely .text.unlikely.*)
 *(.text.exit .text.exit.*)
 *fill*         0x0000000000000130       0x10 
 .text.exit     0x0000000000000140       0x34 C:/devkitPro/devkitA64/bin/../lib/gcc/aarch64-none-elf/15.2.0/../../../../aarch64-none-elf/lib/pic\libg.a(libc_a-exit.o)
                0x0000000000000140                exit
 *(.text.startup .text.startup.*)
 *fill*         0x0000000000000174        0xc 
 .text.startup.main
                0x0000000000000180      0x590 main.o
                0x0000000000000180                main
 *(.text.hot .text.hot.*)
 *(.text .stub .text.* .gnu.linkonce.t.*)
 *fill*         0x0000000000000710       0x10 
 .text.__do_global_dtors_aux
                0x0000000000000720       0x50 C:/devkitPro/devkitA64/bin/../lib/gcc/aarch64-none-elf/15.2.0/pic/crtbegin.o
 *fill*         0x0000000000000770       0x10 
 .text.frame_dummy
                0x0000000000000780       0x24 C:/devkitPro/devkitA64/bin/../lib/gcc/aarch64-none-elf/15.2.0/pic/crtbegin.o
 *fill*         0x00000000000007a4        0xc 
 .text.fs_init  0x00000000000007b0       0x6c fs.o
                0x00000000000007b0                fs_init
 *fill*         0x000000000000081c        0x4 
 .text.fs_cleanup
                0x0000000000000820       0x44 fs.o
                0x0000000000000820                fs_cleanup
 *fill*         0x0000000000000864        0xc 
 .text.fs_list_directory
                0x0000000000000870      0x1b8 fs.o
                0x0000000000000870                fs_list_directory
 *fill*         0x0000000000000a28        0x8 
 .text.fs_free_directory
                0x0000000000000a30       0x3c fs.o
                0x0000000000000a30                fs_free_directory
 *fill*         0x0000000000000a6c        0x4 
 .text.fs_build_path
                0x0000000000000a70       0x38 fs.o
                0x0000000000000a70                fs_build_path
 *fill*         0x0000000000000aa8        0x8 
 .text.fs_is_valid_path
                0x0000000000000ab0       0x38 fs.o
                0x0000000000000ab0                fs_is_valid_path
 *fill*         0x0000000000000ae8        0x8 
 .text.input_init
                0x0000000000000af0       0x28 input.o
                0x0000000000000af0                input_init
 *fill*         0x0000000000000b18        0x8 
 .text.input_update
                0x0000000000000b20        0xc input.o
                0x0000000000000b20                input_update
 *fill*         0x0000000000000b2c        0x4 
 .text.input_up
                0x0000000000000b30       0x18 input.o
                0x0000000000000b30                input_up
 *fill*         0x0000000000000b48        0x8 
 .text.input_down
                0x0000000000000b50       0x18 input.o
                0x0000000000000b50                input_down
 *fill*         0x0000000000000b68        0x8 
 .text.input_left
                0x0000000000000b70       0x18 input.o
                0x0000000000000b70                input_left
 *fill*         0x0000000000000b88        0x8 
 .text.input_right
                0x0000000000000b90       0x18 input.o
                0x0000000000000b90                input_right
 *fill*         0x0000000000000ba8        0x8 
 .text.input_select
                0x0000000000000bb0       0x18 input.o
                0x0000000000000bb0                input_select
 *fill*         0x0000000000000bc8        0x8 
 .text.input_back
                0x0000000000000bd0       0x18 input.o
                0x0000000000000bd0                input_back
 *fill*         0x0000000000000be8        0x8 
 .text.input_exit
                0x0000000000000bf0       0x18 input.o
                0x0000000000000bf0                input_exit
 *fill*         0x0000000000000c08        0x8 
 .text.input_fileops
                0x0000000000000c10       0x18 input.o
                0x0000000000000c10                input_fileops
 *fill*         0x0000000000000c28        0x8 
 .text.input_power_pressed
                0x0000000000000c30        0x8 input.o
                0x0000000000000c30                input_power_pressed
 *fill*         0x0000000000000c38        0x8 
 .text.has_extension
                0x0000000000000c40       0x6c ui.o
 *fill*         0x0000000000000cac        0x4 
 .text.ui_init  0x0000000000000cb0       0x50 ui.o
                0x0000000000000cb0                ui_init
 .text.ui_render
                0x0000000000000d00      0x3b8 ui.o
                0x0000000000000d00                ui_render
 *fill*         0x00000000000010b8        0x8 
 .text.ui_select_next
                0x00000000000010c0       0x44 ui.o
                0x00000000000010c0                ui_select_next
 *fill*         0x0000000000001104        0xc 
 .text.ui_select_prev
                0x0000000000001110       0x38 ui.o
                0x0000000000001110                ui_select_prev
 *fill*         0x0000000000001148        0x8 
 .text.ui_get_selected_entry
                0x0000000000001150       0x38 ui.o
                0x0000000000001150                ui_get_selected_entry
 *fill*         0x0000000000001188        0x8 
 .text.ui_get_selected_path
                0x0000000000001190       0x48 ui.o
                0x0000000000001190                ui_get_selected_path
 *fill*         0x00000000000011d8        0x8 
 .text.ui_enter_directory
                0x00000000000011e0       0xc8 ui.o
                0x00000000000011e0                ui_enter_directory
 *fill*         0x00000000000012a8        0x8 
 .text.ui_go_back
                0x00000000000012b0       0x80 ui.o
                0x00000000000012b0                ui_go_back
 .text.ui_cleanup
                0x0000000000001330       0x34 ui.o
                0x0000000000001330                ui_cleanup
 *fill*         0x0000000000001364        0xc 
 .text.ui_open_overlay
                0x0000000000001370      0x220 ui.o
                0x0000000000001370                ui_open_overlay
 .text.ui_close_overlay
                0x0000000000001590        0xc ui.o
                0x0000000000001590                ui_close_overlay
 *fill*         0x000000000000159c        0x4 
 .text.ui_overlay_select_next
                0x00000000000015a0       0x2c ui.o
                0x00000000000015a0                ui_overlay_select_next
 *fill*         0x00000000000015cc        0x4 
 .text.ui_overlay_select_prev
                0x00000000000015d0       0x24 ui.o
                0x00000000000015d0                ui_overlay_select_prev
 *fill*         0x00000000000015f4        0xc 
 .text.ui_overlay_get_selected
                0x0000000000001600       0x1c ui.o
                0x0000000000001600                ui_overlay_get_selected
 *fill*         0x000000000000161c        0x4 
 .text.ui_show_message
                0x0000000000001620       0x58 ui.o
                0x0000000000001620                ui_show_message
 *fill*         0x0000000000001678        0x8 
 .text.ui_process_popup_input
                0x0000000000001680       0xe4 ui.o
                0x0000000000001680                ui_process_popup_input
 *fill*         0x0000000000001764        0xc 
 .text.text_init
                0x0000000000001770        0x8 text.o
                0x0000000000001770                text_init
 *fill*         0x0000000000001778        0x8 
 .text.text_clear
                0x0000000000001780       0x24 text.o
                0x0000000000001780                text_clear
 *fill*         0x00000000000017a4        0xc 
 .text.text_draw
                0x00000000000017b0       0x1c text.o
                0x00000000000017b0                text_draw
 *fill*         0x00000000000017cc        0x4 
 .text.text_draw_formatted
                0x00000000000017d0       0x84 text.o
                0x00000000000017d0                text_draw_formatted
 *fill*         0x0000000000001854        0xc 
 .text.text_update
                0x0000000000001860        0x8 text.o
                0x0000000000001860                text_update
 *fill*         0x0000000000001868        0x8 
 .text.text_exit
                0x0000000000001870        0x8 text.o
                0x0000000000001870                text_exit
 *fill*         0x0000000000001878        0x8 
 .text.path_get_parent
                0x0000000000001880      0x10c utils.o
                0x0000000000001880                path_get_parent
 *fill*         0x000000000000198c        0x4 
 .text.path_get_filename
                0x0000000000001990       0x74 utils.o
                0x0000000000001990                path_get_filename
 *fill*         0x0000000000001a04        0xc 
 .text.normalize_sd_path.constprop.0
                0x0000000000001a10       0x64 copy.o
 *fill*         0x0000000000001a74        0xc 
 .text.copy_file_contents_libnx
                0x0000000000001a80      0x178 copy.o
 *fill*         0x0000000000001bf8        0x8 
 .text.copy_dir_recursive_libnx
                0x0000000000001c00      0x188 copy.o
 *fill*         0x0000000000001d88        0x8 
 .text.copy_item
                0x0000000000001d90       0xdc copy.o
                0x0000000000001d90                copy_item
 *fill*         0x0000000000001e6c        0x4 
 .text.paste_item
                0x0000000000001e70       0x9c paste.o
                0x0000000000001e70                paste_item
 *fill*         0x0000000000001f0c        0x4 
 .text.move_file
                0x0000000000001f10      0x174 move.o
                0x0000000000001f10                move_file
 *fill*         0x0000000000002084        0xc 
 .text.delete_recursive_libnx
                0x0000000000002090      0x168 delete.o
 *fill*         0x00000000000021f8        0x8 
 .text.delete_item
                0x0000000000002200       0x10 delete.o
                0x0000000000002200                delete_item
 .text.clipboard_init
                0x0000000000002210       0x14 clipboard.o
                0x0000000000002210                clipboard_init
 *fill*         0x0000000000002224        0xc 
 .text.clipboard_set
                0x0000000000002230       0x4c clipboard.o
                0x0000000000002230                clipboard_set
 *fill*         0x000000000000227c        0x4 
 .text.clipboard_get_path
                0x0000000000002280       0x18 clipboard.o
                0x0000000000002280                clipboard_get_path
 *fill*         0x0000000000002298        0x8 
 .text.clipboard_get_operation
                0x00000000000022a0        0xc clipboard.o
                0x00000000000022a0                clipboard_get_operation
 *fill*         0x00000000000022ac        0x4 
 .text.clipboard_clear
                0x00000000000022b0       0x14 clipboard.o
                0x00000000000022b0                clipboard_clear
 *fill*         0x00000000000022c4        0xc 
 .text.clipboard_has_item
                0x00000000000022d0       0x24 clipboard.o
                0x00000000000022d0                clipboard_has_item
 *fill*         0x00000000000022f4        0xc 
 .text.rename_item
                0x0000000000002300      0x170 rename.o
                0x0000000000002300                rename_item
 .text.launch_nro
                0x0000000000002470       0x80 launch.o
                0x0000000000002470                launch_nro
 .text.install_package
                0x00000000000024f0        0x8 install.o
                0x00000000000024f0                install_package
 *fill*         0x00000000000024f8        0x8 
 .text._appletInfiniteSleepLoop
                0x0000000000002500       0x18 C:\devkitPro/libnx/lib\libnx.a(applet.o)
 *fill*         0x0000000000002518        0x8 
 .text._appletCmdGetSession
                0x0000000000002520      0x108 C:\devkitPro/libnx/lib\libnx.a(applet.o)
 *fill*         0x0000000000002628        0x8 
 .text._appletCmdInU8NoOut
                0x0000000000002630       0xcc C:\devkitPro/libnx/lib\libnx.a(applet.o)
 *fill*         0x00000000000026fc        0x4 
 .text._appletCmdInSession
                0x0000000000002700       0xd0 C:\devkitPro/libnx/lib\libnx.a(applet.o)
 .text._appletCmdInU32NoOut
                0x00000000000027d0       0xcc C:\devkitPro/libnx/lib\libnx.a(applet.o)
 *fill*         0x000000000000289c        0x4 
 .text._appletCreateLibraryApplet
                0x00000000000028a0      0x11c C:\devkitPro/libnx/lib\libnx.a(applet.o)
 *fill*         0x00000000000029bc        0x4 
 .text._appletCmdGetSessionInU64
                0x00000000000029c0      0x114 C:\devkitPro/libnx/lib\libnx.a(applet.o)
 *fill*         0x0000000000002ad4        0xc 
 .text._appletCmdInHandleU64OutSession
                0x0000000000002ae0      0x120 C:\devkitPro/libnx/lib\libnx.a(applet.o)
 .text._appletGetSessionProxy.constprop.0
                0x0000000000002c00      0x12c C:\devkitPro/libnx/lib\libnx.a(applet.o)
 *fill*         0x0000000000002d2c        0x4 
 .text._appletOpenLibraryAppletProxy.constprop.0
                0x0000000000002d30      0x148 C:\devkitPro/libnx/lib\libnx.a(applet.o)
 *fill*         0x0000000000002e78        0x8 
 .text._appletCmdGetEvent
                0x0000000000002e80       0xf8 C:\devkitPro/libnx/lib\libnx.a(applet.o)
 *fill*         0x0000000000002f78        0x8 
 .text._appletStorageRW.part.0
                0x0000000000002f80      0x284 C:\devkitPro/libnx/lib\libnx.a(applet.o)
 *fill*         0x0000000000003204        0xc 
 .text._appletCreateTransferMemoryStorage.isra.0
                0x0000000000003210      0x12c C:\devkitPro/libnx/lib\libnx.a(applet.o)
 *fill*         0x000000000000333c        0x4 
 .text._appletCmdNoInOutU8.isra.0
                0x0000000000003340       0xd4 C:\devkitPro/libnx/lib\libnx.a(applet.o)
 *fill*         0x0000000000003414        0xc 
 .text._appletCmdNoInOutU32.isra.0
                0x0000000000003420       0xd4 C:\devkitPro/libnx/lib\libnx.a(applet.o)
 *fill*         0x00000000000034f4        0xc 
 .text._appletCmdNoInOutU64.isra.0
                0x0000000000003500       0xd4 C:\devkitPro/libnx/lib\libnx.a(applet.o)
 *fill*         0x00000000000035d4        0xc 
 .text._appletCmdNoIO.isra.0
                0x00000000000035e0       0xc0 C:\devkitPro/libnx/lib\libnx.a(applet.o)
 .text.appletGetAppletType
                0x00000000000036a0       0x10 C:\devkitPro/libnx/lib\libnx.a(applet.o)
                0x00000000000036a0                appletGetAppletType
 .text.appletGetThemeColorType
                0x00000000000036b0        0xc C:\devkitPro/libnx/lib\libnx.a(applet.o)
                0x00000000000036b0                appletGetThemeColorType
 *fill*         0x00000000000036bc        0x4 
 .text.appletSetFocusHandlingMode
                0x00000000000036c0      0x1b8 C:\devkitPro/libnx/lib\libnx.a(applet.o)
                0x00000000000036c0                appletSetFocusHandlingMode
 *fill*         0x0000000000003878        0x8 
 .text.appletSetCpuBoostMode
                0x0000000000003880       0x5c C:\devkitPro/libnx/lib\libnx.a(applet.o)
                0x0000000000003880                appletSetCpuBoostMode
 *fill*         0x00000000000038dc        0x4 
 .text.appletCreateManagedDisplayLayer
                0x00000000000038e0       0x2c C:\devkitPro/libnx/lib\libnx.a(applet.o)
                0x00000000000038e0                appletCreateManagedDisplayLayer
 *fill*         0x000000000000390c        0x4 
 .text.appletGetAppletResourceUserId
                0x0000000000003910        0xc C:\devkitPro/libnx/lib\libnx.a(applet.o)
                0x0000000000003910                appletGetAppletResourceUserId
 *fill*         0x000000000000391c        0x4 
 .text._appletHolderCreateState
                0x0000000000003920      0x138 C:\devkitPro/libnx/lib\libnx.a(applet.o)
 *fill*         0x0000000000003a58        0x8 
 .text.appletCreateLibraryApplet
                0x0000000000003a60       0xa4 C:\devkitPro/libnx/lib\libnx.a(applet.o)
                0x0000000000003a60                appletCreateLibraryApplet
 *fill*         0x0000000000003b04        0xc 
 .text.appletHolderClose
                0x0000000000003b10       0xb0 C:\devkitPro/libnx/lib\libnx.a(applet.o)
                0x0000000000003b10                appletHolderClose
 .text.appletHolderStart
                0x0000000000003bc0       0xa0 C:\devkitPro/libnx/lib\libnx.a(applet.o)
                0x0000000000003bc0                appletHolderStart
 .text.appletHolderJoin
                0x0000000000003c60       0x84 C:\devkitPro/libnx/lib\libnx.a(applet.o)
                0x0000000000003c60                appletHolderJoin
 *fill*         0x0000000000003ce4        0xc 
 .text.appletHolderGetExitReason
                0x0000000000003cf0        0x8 C:\devkitPro/libnx/lib\libnx.a(applet.o)
                0x0000000000003cf0                appletHolderGetExitReason
 *fill*         0x0000000000003cf8        0x8 
 .text.appletHolderGetPopInteractiveOutDataEvent
                0x0000000000003d00       0x70 C:\devkitPro/libnx/lib\libnx.a(applet.o)
                0x0000000000003d00                appletHolderGetPopInteractiveOutDataEvent
 .text.appletHolderWaitInteractiveOut
                0x0000000000003d70       0x88 C:\devkitPro/libnx/lib\libnx.a(applet.o)
                0x0000000000003d70                appletHolderWaitInteractiveOut
 *fill*         0x0000000000003df8        0x8 
 .text.appletHolderPopOutData
                0x0000000000003e00       0x28 C:\devkitPro/libnx/lib\libnx.a(applet.o)
                0x0000000000003e00                appletHolderPopOutData
 *fill*         0x0000000000003e28        0x8 
 .text.appletHolderPopInteractiveOutData
                0x0000000000003e30       0x28 C:\devkitPro/libnx/lib\libnx.a(applet.o)
                0x0000000000003e30                appletHolderPopInteractiveOutData
 *fill*         0x0000000000003e58        0x8 
 .text.appletHolderGetLibraryAppletInfo
                0x0000000000003e60       0x24 C:\devkitPro/libnx/lib\libnx.a(applet.o)
                0x0000000000003e60                appletHolderGetLibraryAppletInfo
 *fill*         0x0000000000003e84        0xc 
 .text.appletCreateStorage
                0x0000000000003e90       0x28 C:\devkitPro/libnx/lib\libnx.a(applet.o)
                0x0000000000003e90                appletCreateStorage
 *fill*         0x0000000000003eb8        0x8 
 .text.appletCreateTransferMemoryStorage
                0x0000000000003ec0       0xb0 C:\devkitPro/libnx/lib\libnx.a(applet.o)
                0x0000000000003ec0                appletCreateTransferMemoryStorage
 .text.appletCreateHandleStorage
                0x0000000000003f70       0x5c C:\devkitPro/libnx/lib\libnx.a(applet.o)
                0x0000000000003f70                appletCreateHandleStorage
 *fill*         0x0000000000003fcc        0x4 
 .text.appletCreateHandleStorageTmem
                0x0000000000003fd0       0x9c C:\devkitPro/libnx/lib\libnx.a(applet.o)
                0x0000000000003fd0                appletCreateHandleStorageTmem
 *fill*         0x000000000000406c        0x4 
 .text.appletStorageClose
                0x0000000000004070       0x90 C:\devkitPro/libnx/lib\libnx.a(applet.o)
                0x0000000000004070                appletStorageClose
 .text.appletHolderPushInData
                0x0000000000004100       0x5c C:\devkitPro/libnx/lib\libnx.a(applet.o)
                0x0000000000004100                appletHolderPushInData
 *fill*         0x000000000000415c        0x4 
 .text.appletHolderPushInteractiveInData
                0x0000000000004160       0x5c C:\devkitPro/libnx/lib\libnx.a(applet.o)
                0x0000000000004160                appletHolderPushInteractiveInData
 *fill*         0x00000000000041bc        0x4 
 .text.appletStorageCloseTmem
                0x00000000000041c0        0x8 C:\devkitPro/libnx/lib\libnx.a(applet.o)
                0x00000000000041c0                appletStorageCloseTmem
 *fill*         0x00000000000041c8        0x8 
 .text.appletStorageWrite
                0x00000000000041d0       0x18 C:\devkitPro/libnx/lib\libnx.a(applet.o)
                0x00000000000041d0                appletStorageWrite
 *fill*         0x00000000000041e8        0x8 
 .text.appletStorageRead
                0x00000000000041f0       0x18 C:\devkitPro/libnx/lib\libnx.a(applet.o)
                0x00000000000041f0                appletStorageRead
 *fill*         0x0000000000004208        0x8 
 .text.appletNotifyRunning
                0x0000000000004210       0x90 C:\devkitPro/libnx/lib\libnx.a(applet.o)
                0x0000000000004210                appletNotifyRunning
 .text.appletSetGamePlayRecordingState
                0x00000000000042a0       0x78 C:\devkitPro/libnx/lib\libnx.a(applet.o)
                0x00000000000042a0                appletSetGamePlayRecordingState
 *fill*         0x0000000000004318        0x8 
 .text._appletCleanup
                0x0000000000004320      0xad4 C:\devkitPro/libnx/lib\libnx.a(applet.o)
 *fill*         0x0000000000004df4        0xc 
 .text.appletExit
                0x0000000000004e00       0x48 C:\devkitPro/libnx/lib\libnx.a(applet.o)
                0x0000000000004e00                appletExit
 *fill*         0x0000000000004e48        0x8 
 .text.appletGetLibraryAppletInfo
                0x0000000000004e50       0x40 C:\devkitPro/libnx/lib\libnx.a(applet.o)
                0x0000000000004e50                appletGetLibraryAppletInfo
 .text.appletInitialize
                0x0000000000004e90      0xc14 C:\devkitPro/libnx/lib\libnx.a(applet.o)
                0x0000000000004e90                appletInitialize
 *fill*         0x0000000000005aa4        0xc 
 .text._appletExitProcess
                0x0000000000005ab0       0x24 C:\devkitPro/libnx/lib\libnx.a(applet.o)
 *fill*         0x0000000000005ad4        0xc 
 .text.appletGetMessage
                0x0000000000005ae0       0x74 C:\devkitPro/libnx/lib\libnx.a(applet.o)
                0x0000000000005ae0                appletGetMessage
 *fill*         0x0000000000005b54        0xc 
 .text.appletProcessMessage
                0x0000000000005b60      0x264 C:\devkitPro/libnx/lib\libnx.a(applet.o)
                0x0000000000005b60                appletProcessMessage
 *fill*         0x0000000000005dc4        0xc 
 .text.appletMainLoop
                0x0000000000005dd0       0x34 C:\devkitPro/libnx/lib\libnx.a(applet.o)
                0x0000000000005dd0                appletMainLoop
 *fill*         0x0000000000005e04        0xc 
 .text._fsCleanup
                0x0000000000005e10       0xb4 C:\devkitPro/libnx/lib\libnx.a(fs.o)
 *fill*         0x0000000000005ec4        0xc 
 .text._fsCmdNoIO
                0x0000000000005ed0      0x1c0 C:\devkitPro/libnx/lib\libnx.a(fs.o)
 .text._fsFsCmdWithInPath
                0x0000000000006090      0x1e0 C:\devkitPro/libnx/lib\libnx.a(fs.o)
 .text._fsFsCmdWithTwoInPaths
                0x0000000000006270      0x1f8 C:\devkitPro/libnx/lib\libnx.a(fs.o)
 *fill*         0x0000000000006468        0x8 
 .text._fsFsOpenCommon
                0x0000000000006470      0x28c C:\devkitPro/libnx/lib\libnx.a(fs.o)
 *fill*         0x00000000000066fc        0x4 
 .text._fsFsCmdWithInPathAndOutU64
                0x0000000000006700      0x1fc C:\devkitPro/libnx/lib\libnx.a(fs.o)
 *fill*         0x00000000000068fc        0x4 
 .text._fsObjectClose
                0x0000000000006900       0xf8 C:\devkitPro/libnx/lib\libnx.a(fs.o)
 *fill*         0x00000000000069f8        0x8 
 .text._fsCmdGetSession.constprop.0
                0x0000000000006a00      0x17c C:\devkitPro/libnx/lib\libnx.a(fs.o)
 *fill*         0x0000000000006b7c        0x4 
 .text.fsInitialize
                0x0000000000006b80      0x2f8 C:\devkitPro/libnx/lib\libnx.a(fs.o)
                0x0000000000006b80                fsInitialize
 *fill*         0x0000000000006e78        0x8 
 .text.fsExit   0x0000000000006e80       0x48 C:\devkitPro/libnx/lib\libnx.a(fs.o)
                0x0000000000006e80                fsExit
 *fill*         0x0000000000006ec8        0x8 
 .text.fsOpenSdCardFileSystem
                0x0000000000006ed0        0x8 C:\devkitPro/libnx/lib\libnx.a(fs.o)
                0x0000000000006ed0                fsOpenSdCardFileSystem
 *fill*         0x0000000000006ed8        0x8 
 .text.fsFsCreateFile
                0x0000000000006ee0      0x1ec C:\devkitPro/libnx/lib\libnx.a(fs.o)
                0x0000000000006ee0                fsFsCreateFile
 *fill*         0x00000000000070cc        0x4 
 .text.fsFsDeleteFile
                0x00000000000070d0        0x8 C:\devkitPro/libnx/lib\libnx.a(fs.o)
                0x00000000000070d0                fsFsDeleteFile
 *fill*         0x00000000000070d8        0x8 
 .text.fsFsCreateDirectory
                0x00000000000070e0        0x8 C:\devkitPro/libnx/lib\libnx.a(fs.o)
                0x00000000000070e0                fsFsCreateDirectory
 *fill*         0x00000000000070e8        0x8 
 .text.fsFsDeleteDirectory
                0x00000000000070f0        0x8 C:\devkitPro/libnx/lib\libnx.a(fs.o)
                0x00000000000070f0                fsFsDeleteDirectory
 *fill*         0x00000000000070f8        0x8 
 .text.fsFsRenameFile
                0x0000000000007100        0x8 C:\devkitPro/libnx/lib\libnx.a(fs.o)
                0x0000000000007100                fsFsRenameFile
 *fill*         0x0000000000007108        0x8 
 .text.fsFsRenameDirectory
                0x0000000000007110        0x8 C:\devkitPro/libnx/lib\libnx.a(fs.o)
                0x0000000000007110                fsFsRenameDirectory
 *fill*         0x0000000000007118        0x8 
 .text.fsFsGetEntryType
                0x0000000000007120      0x1f0 C:\devkitPro/libnx/lib\libnx.a(fs.o)
                0x0000000000007120                fsFsGetEntryType
 .text.fsFsOpenFile
                0x0000000000007310        0x8 C:\devkitPro/libnx/lib\libnx.a(fs.o)
                0x0000000000007310                fsFsOpenFile
 *fill*         0x0000000000007318        0x8 
 .text.fsFsOpenDirectory
                0x0000000000007320        0x8 C:\devkitPro/libnx/lib\libnx.a(fs.o)
                0x0000000000007320                fsFsOpenDirectory
 *fill*         0x0000000000007328        0x8 
 .text.fsFsGetFreeSpace
                0x0000000000007330        0x8 C:\devkitPro/libnx/lib\libnx.a(fs.o)
                0x0000000000007330                fsFsGetFreeSpace
 *fill*         0x0000000000007338        0x8 
 .text.fsFsGetTotalSpace
                0x0000000000007340        0x8 C:\devkitPro/libnx/lib\libnx.a(fs.o)
                0x0000000000007340                fsFsGetTotalSpace
 *fill*         0x0000000000007348        0x8 
 .text.fsFsGetFileTimeStampRaw
                0x0000000000007350      0x230 C:\devkitPro/libnx/lib\libnx.a(fs.o)
                0x0000000000007350                fsFsGetFileTimeStampRaw
 .text.fsFsClose
                0x0000000000007580        0x4 C:\devkitPro/libnx/lib\libnx.a(fs.o)
                0x0000000000007580                fsFsClose
 *fill*         0x0000000000007584        0xc 
 .text.fsFileRead
                0x0000000000007590      0x214 C:\devkitPro/libnx/lib\libnx.a(fs.o)
                0x0000000000007590                fsFileRead
 *fill*         0x00000000000077a4        0xc 
 .text.fsFileWrite
                0x00000000000077b0      0x1f8 C:\devkitPro/libnx/lib\libnx.a(fs.o)
                0x00000000000077b0                fsFileWrite
 *fill*         0x00000000000079a8        0x8 
 .text.fsFileFlush
                0x00000000000079b0        0x8 C:\devkitPro/libnx/lib\libnx.a(fs.o)
                0x00000000000079b0                fsFileFlush
 *fill*         0x00000000000079b8        0x8 
 .text.fsFileSetSize
                0x00000000000079c0      0x1c0 C:\devkitPro/libnx/lib\libnx.a(fs.o)
                0x00000000000079c0                fsFileSetSize
 .text.fsFileGetSize
                0x0000000000007b80      0x1d4 C:\devkitPro/libnx/lib\libnx.a(fs.o)
                0x0000000000007b80                fsFileGetSize
 *fill*         0x0000000000007d54        0xc 
 .text.fsFileClose
                0x0000000000007d60        0x4 C:\devkitPro/libnx/lib\libnx.a(fs.o)
                0x0000000000007d60                fsFileClose
 *fill*         0x0000000000007d64        0xc 
 .text.fsDirClose
                0x0000000000007d70        0x4 C:\devkitPro/libnx/lib\libnx.a(fs.o)
                0x0000000000007d70                fsDirClose
 *fill*         0x0000000000007d74        0xc 
 .text.fsDirRead
                0x0000000000007d80      0x204 C:\devkitPro/libnx/lib\libnx.a(fs.o)
                0x0000000000007d80                fsDirRead
 *fill*         0x0000000000007f84        0xc 
 .text._smCmifCmdInPid
                0x0000000000007f90       0xcc C:\devkitPro/libnx/lib\libnx.a(sm.o)
 *fill*         0x000000000000805c        0x4 
 .text._smCleanup
                0x0000000000008060       0x78 C:\devkitPro/libnx/lib\libnx.a(sm.o)
 *fill*         0x00000000000080d8        0x8 
 .text.smAddOverrideHandle
                0x00000000000080e0       0x48 C:\devkitPro/libnx/lib\libnx.a(sm.o)
                0x00000000000080e0                smAddOverrideHandle
 *fill*         0x0000000000008128        0x8 
 .text.smGetServiceOverride
                0x0000000000008130       0x54 C:\devkitPro/libnx/lib\libnx.a(sm.o)
                0x0000000000008130                smGetServiceOverride
 *fill*         0x0000000000008184        0xc 
 .text.smInitialize
                0x0000000000008190      0x1ac C:\devkitPro/libnx/lib\libnx.a(sm.o)
                0x0000000000008190                smInitialize
 *fill*         0x000000000000833c        0x4 
 .text.smExit   0x0000000000008340       0x48 C:\devkitPro/libnx/lib\libnx.a(sm.o)
                0x0000000000008340                smExit
 *fill*         0x0000000000008388        0x8 
 .text.smGetServiceOriginal
                0x0000000000008390       0xd0 C:\devkitPro/libnx/lib\libnx.a(sm.o)
                0x0000000000008390                smGetServiceOriginal
 .text.smGetServiceWrapper
                0x0000000000008460      0x120 C:\devkitPro/libnx/lib\libnx.a(sm.o)
                0x0000000000008460                smGetServiceWrapper
 .text._swkbdInitVersion
                0x0000000000008580       0xb4 C:\devkitPro/libnx/lib\libnx.a(swkbd.o)
 *fill*         0x0000000000008634        0xc 
 .text.swkbdCreate
                0x0000000000008640       0xbc C:\devkitPro/libnx/lib\libnx.a(swkbd.o)
                0x0000000000008640                swkbdCreate
 *fill*         0x00000000000086fc        0x4 
 .text.swkbdClose
                0x0000000000008700       0x30 C:\devkitPro/libnx/lib\libnx.a(swkbd.o)
                0x0000000000008700                swkbdClose
 .text.swkbdConfigMakePresetDefault
                0x0000000000008730       0x68 C:\devkitPro/libnx/lib\libnx.a(swkbd.o)
                0x0000000000008730                swkbdConfigMakePresetDefault
 *fill*         0x0000000000008798        0x8 
 .text.swkbdConfigSetOkButtonText
                0x00000000000087a0       0x3c C:\devkitPro/libnx/lib\libnx.a(swkbd.o)
                0x00000000000087a0                swkbdConfigSetOkButtonText
 *fill*         0x00000000000087dc        0x4 
 .text.swkbdConfigSetGuideText
                0x00000000000087e0       0x3c C:\devkitPro/libnx/lib\libnx.a(swkbd.o)
                0x00000000000087e0                swkbdConfigSetGuideText
 *fill*         0x000000000000881c        0x4 
 .text.swkbdConfigSetInitialText
                0x0000000000008820       0x60 C:\devkitPro/libnx/lib\libnx.a(swkbd.o)
                0x0000000000008820                swkbdConfigSetInitialText
 .text.swkbdShow
                0x0000000000008880      0x4ec C:\devkitPro/libnx/lib\libnx.a(swkbd.o)
                0x0000000000008880                swkbdShow
 *fill*         0x0000000000008d6c        0x4 
 .text.__libnx_alloc
                0x0000000000008d70        0x4 C:\devkitPro/libnx/lib\libnx.a(alloc.o)
                0x0000000000008d70                __libnx_alloc
 *fill*         0x0000000000008d74        0xc 
 .text.__libnx_aligned_alloc
                0x0000000000008d80       0x14 C:\devkitPro/libnx/lib\libnx.a(alloc.o)
                0x0000000000008d80                __libnx_aligned_alloc
 *fill*         0x0000000000008d94        0xc 
 .text.__libnx_free
                0x0000000000008da0        0x4 C:\devkitPro/libnx/lib\libnx.a(alloc.o)
                0x0000000000008da0                __libnx_free
 *fill*         0x0000000000008da4        0xc 
 .text.diagAbortWithResult
                0x0000000000008db0       0x1c C:\devkitPro/libnx/lib\libnx.a(diag.o)
                0x0000000000008db0                diagAbortWithResult
 *fill*         0x0000000000008dcc        0x4 
 .text.envSetup
                0x0000000000008dd0      0x208 C:\devkitPro/libnx/lib\libnx.a(env.o)
                0x0000000000008dd0                envSetup
 *fill*         0x0000000000008fd8        0x8 
 .text.envGetMainThreadHandle
                0x0000000000008fe0       0x20 C:\devkitPro/libnx/lib\libnx.a(env.o)
                0x0000000000008fe0                envGetMainThreadHandle
 .text.envIsNso
                0x0000000000009000        0xc C:\devkitPro/libnx/lib\libnx.a(env.o)
                0x0000000000009000                envIsNso
 *fill*         0x000000000000900c        0x4 
 .text.envHasHeapOverride
                0x0000000000009010       0x14 C:\devkitPro/libnx/lib\libnx.a(env.o)
                0x0000000000009010                envHasHeapOverride
 *fill*         0x0000000000009024        0xc 
 .text.envGetHeapOverrideAddr
                0x0000000000009030        0xc C:\devkitPro/libnx/lib\libnx.a(env.o)
                0x0000000000009030                envGetHeapOverrideAddr
 *fill*         0x000000000000903c        0x4 
 .text.envGetHeapOverrideSize
                0x0000000000009040        0xc C:\devkitPro/libnx/lib\libnx.a(env.o)
                0x0000000000009040                envGetHeapOverrideSize
 *fill*         0x000000000000904c        0x4 
 .text.envHasArgv
                0x0000000000009050       0x14 C:\devkitPro/libnx/lib\libnx.a(env.o)
                0x0000000000009050                envHasArgv
 *fill*         0x0000000000009064        0xc 
 .text.envGetArgv
                0x0000000000009070        0xc C:\devkitPro/libnx/lib\libnx.a(env.o)
                0x0000000000009070                envGetArgv
 *fill*         0x000000000000907c        0x4 
 .text.envGetExitFuncPtr
                0x0000000000009080        0xc C:\devkitPro/libnx/lib\libnx.a(env.o)
                0x0000000000009080                envGetExitFuncPtr
 *fill*         0x000000000000908c        0x4 
 .text.envSetExitFuncPtr
                0x0000000000009090        0xc C:\devkitPro/libnx/lib\libnx.a(env.o)
                0x0000000000009090                envSetExitFuncPtr
 *fill*         0x000000000000909c        0x4 
 .text.envHasRandomSeed
                0x00000000000090a0        0xc C:\devkitPro/libnx/lib\libnx.a(env.o)
                0x00000000000090a0                envHasRandomSeed
 *fill*         0x00000000000090ac        0x4 
 .text.envGetRandomSeed
                0x00000000000090b0       0x10 C:\devkitPro/libnx/lib\libnx.a(env.o)
                0x00000000000090b0                envGetRandomSeed
 .text.hosversionGet
                0x00000000000090c0       0x14 C:\devkitPro/libnx/lib\libnx.a(hosversion.o)
                0x00000000000090c0                hosversionGet
 *fill*         0x00000000000090d4        0xc 
 .text.hosversionSet
                0x00000000000090e0       0x10 C:\devkitPro/libnx/lib\libnx.a(hosversion.o)
                0x00000000000090e0                hosversionSet
 .text.padConfigureInput
                0x00000000000090f0       0x9c C:\devkitPro/libnx/lib\libnx.a(pad.o)
                0x00000000000090f0                padConfigureInput
 *fill*         0x000000000000918c        0x4 
 .text.padInitializeWithMask
                0x0000000000009190       0x24 C:\devkitPro/libnx/lib\libnx.a(pad.o)
                0x0000000000009190                padInitializeWithMask
 *fill*         0x00000000000091b4        0xc 
 .text.padUpdate
                0x00000000000091c0      0x29c C:\devkitPro/libnx/lib\libnx.a(pad.o)
                0x00000000000091c0                padUpdate
 *fill*         0x000000000000945c        0x4 
 .text.consoleDrawChar
                0x0000000000009460       0x50 C:\devkitPro/libnx/lib\libnx.a(console.o)
 .text.consoleNewRow
                0x00000000000094b0       0xb8 C:\devkitPro/libnx/lib\libnx.a(console.o)
 *fill*         0x0000000000009568        0x8 
 .text.consolePrintChar.part.0
                0x0000000000009570      0x194 C:\devkitPro/libnx/lib\libnx.a(console.o)
 *fill*         0x0000000000009704        0xc 
 .text.con_write
                0x0000000000009710      0xdf8 C:\devkitPro/libnx/lib\libnx.a(console.o)
 *fill*         0x000000000000a508        0x8 
 .text.consoleInit
                0x000000000000a510      0x160 C:\devkitPro/libnx/lib\libnx.a(console.o)
                0x000000000000a510                consoleInit
 .text.consoleExit
                0x000000000000a670       0x44 C:\devkitPro/libnx/lib\libnx.a(console.o)
                0x000000000000a670                consoleExit
 *fill*         0x000000000000a6b4        0xc 
 .text.consoleUpdate
                0x000000000000a6c0       0x2c C:\devkitPro/libnx/lib\libnx.a(console.o)
                0x000000000000a6c0                consoleUpdate
 *fill*         0x000000000000a6ec        0x4 
 .text.ConsoleSwRenderer_drawChar
                0x000000000000a6f0      0x1bc C:\devkitPro/libnx/lib\libnx.a(console_sw.o)
 *fill*         0x000000000000a8ac        0x4 
 .text.ConsoleSwRenderer_init
                0x000000000000a8b0       0xe8 C:\devkitPro/libnx/lib\libnx.a(console_sw.o)
 *fill*         0x000000000000a998        0x8 
 .text.ConsoleSwRenderer_flushAndSwap
                0x000000000000a9a0       0x78 C:\devkitPro/libnx/lib\libnx.a(console_sw.o)
 *fill*         0x000000000000aa18        0x8 
 .text.ConsoleSwRenderer_scrollWindow
                0x000000000000aa20       0xdc C:\devkitPro/libnx/lib\libnx.a(console_sw.o)
 *fill*         0x000000000000aafc        0x4 
 .text.ConsoleSwRenderer_deinit
                0x000000000000ab00       0x50 C:\devkitPro/libnx/lib\libnx.a(console_sw.o)
 .text.getDefaultConsoleRenderer
                0x000000000000ab50        0xc C:\devkitPro/libnx/lib\libnx.a(console_sw.o)
                0x000000000000ab50                getDefaultConsoleRenderer
 *fill*         0x000000000000ab5c        0x4 
 .text.fsdev_link
                0x000000000000ab60       0x10 C:\devkitPro/libnx/lib\libnx.a(fs_dev.o)
 .text.fsdev_dirreset
                0x000000000000ab70       0x10 C:\devkitPro/libnx/lib\libnx.a(fs_dev.o)
 .text.fsdev_chmod
                0x000000000000ab80       0x10 C:\devkitPro/libnx/lib\libnx.a(fs_dev.o)
 .text.error_cmp
                0x000000000000ab90       0x18 C:\devkitPro/libnx/lib\libnx.a(fs_dev.o)
 *fill*         0x000000000000aba8        0x8 
 .text.fsdev_dirclose
                0x000000000000abb0       0x20 C:\devkitPro/libnx/lib\libnx.a(fs_dev.o)
 .text.fsdev_close
                0x000000000000abd0       0x1c C:\devkitPro/libnx/lib\libnx.a(fs_dev.o)
 *fill*         0x000000000000abec        0x4 
 .text.fsdev_converttimetoutc
                0x000000000000abf0       0x74 C:\devkitPro/libnx/lib\libnx.a(fs_dev.o)
 *fill*         0x000000000000ac64        0xc 
 .text.fsdevFindDevice.part.0
                0x000000000000ac70       0xf8 C:\devkitPro/libnx/lib\libnx.a(fs_dev.o)
 *fill*         0x000000000000ad68        0x8 
 .text.fsdev_fixpath
                0x000000000000ad70      0x1cc C:\devkitPro/libnx/lib\libnx.a(fs_dev.o)
 *fill*         0x000000000000af3c        0x4 
 .text._fsdevUnmountDeviceStruct.part.0
                0x000000000000af40       0x9c C:\devkitPro/libnx/lib\libnx.a(fs_dev.o)
 *fill*         0x000000000000afdc        0x4 
 .text.fsdev_fchmod
                0x000000000000afe0       0x10 C:\devkitPro/libnx/lib\libnx.a(fs_dev.o)
 .text.fsdev_diropen
                0x000000000000aff0      0x100 C:\devkitPro/libnx/lib\libnx.a(fs_dev.o)
 .text.fsdev_statvfs
                0x000000000000b0f0       0xf8 C:\devkitPro/libnx/lib\libnx.a(fs_dev.o)
 *fill*         0x000000000000b1e8        0x8 
 .text.fsdev_fsync
                0x000000000000b1f0       0x7c C:\devkitPro/libnx/lib\libnx.a(fs_dev.o)
 *fill*         0x000000000000b26c        0x4 
 .text.fsdev_fstat
                0x000000000000b270       0xec C:\devkitPro/libnx/lib\libnx.a(fs_dev.o)
 *fill*         0x000000000000b35c        0x4 
 .text.fsdev_ftruncate
                0x000000000000b360       0x94 C:\devkitPro/libnx/lib\libnx.a(fs_dev.o)
 *fill*         0x000000000000b3f4        0xc 
 .text.fsdev_stat
                0x000000000000b400      0x1d8 C:\devkitPro/libnx/lib\libnx.a(fs_dev.o)
 *fill*         0x000000000000b5d8        0x8 
 .text.fsdev_rename
                0x000000000000b5e0      0x14c C:\devkitPro/libnx/lib\libnx.a(fs_dev.o)
 *fill*         0x000000000000b72c        0x4 
 .text.fsdev_chdir
                0x000000000000b730      0x13c C:\devkitPro/libnx/lib\libnx.a(fs_dev.o)
 *fill*         0x000000000000b86c        0x4 
 .text.fsdev_rmdir
                0x000000000000b870       0xa4 C:\devkitPro/libnx/lib\libnx.a(fs_dev.o)
 *fill*         0x000000000000b914        0xc 
 .text.fsdev_mkdir
                0x000000000000b920       0xa4 C:\devkitPro/libnx/lib\libnx.a(fs_dev.o)
 *fill*         0x000000000000b9c4        0xc 
 .text.fsdev_unlink
                0x000000000000b9d0       0xa4 C:\devkitPro/libnx/lib\libnx.a(fs_dev.o)
 *fill*         0x000000000000ba74        0xc 
 .text.fsdev_write_safe
                0x000000000000ba80      0x13c C:\devkitPro/libnx/lib\libnx.a(fs_dev.o)
 *fill*         0x000000000000bbbc        0x4 
 .text.fsdev_read_safe
                0x000000000000bbc0      0x134 C:\devkitPro/libnx/lib\libnx.a(fs_dev.o)
 *fill*         0x000000000000bcf4        0xc 
 .text.fsdev_read
                0x000000000000bd00      0x100 C:\devkitPro/libnx/lib\libnx.a(fs_dev.o)
 .text.fsdev_dirnext
                0x000000000000be00      0x1d4 C:\devkitPro/libnx/lib\libnx.a(fs_dev.o)
 *fill*         0x000000000000bfd4        0xc 
 .text.fsdev_write
                0x000000000000bfe0      0x124 C:\devkitPro/libnx/lib\libnx.a(fs_dev.o)
 *fill*         0x000000000000c104        0xc 
 .text.fsdev_seek
                0x000000000000c110      0x110 C:\devkitPro/libnx/lib\libnx.a(fs_dev.o)
 .text.fsdev_open
                0x000000000000c220      0x230 C:\devkitPro/libnx/lib\libnx.a(fs_dev.o)
 .text.fsdevMountDevice
                0x000000000000c450      0x324 C:\devkitPro/libnx/lib\libnx.a(fs_dev.o)
                0x000000000000c450                fsdevMountDevice
 *fill*         0x000000000000c774        0xc 
 .text.fsdevUnmountDevice
                0x000000000000c780       0x48 C:\devkitPro/libnx/lib\libnx.a(fs_dev.o)
                0x000000000000c780                fsdevUnmountDevice
 *fill*         0x000000000000c7c8        0x8 
 .text.fsdevMountSdmc
                0x000000000000c7d0       0x40 C:\devkitPro/libnx/lib\libnx.a(fs_dev.o)
                0x000000000000c7d0                fsdevMountSdmc
 .text.__libnx_init_cwd
                0x000000000000c810       0xbc C:\devkitPro/libnx/lib\libnx.a(fs_dev.o)
                0x000000000000c810                __libnx_init_cwd
 *fill*         0x000000000000c8cc        0x4 
 .text.fsdevUnmountAll
                0x000000000000c8d0       0x64 C:\devkitPro/libnx/lib\libnx.a(fs_dev.o)
                0x000000000000c8d0                fsdevUnmountAll
 *fill*         0x000000000000c934        0xc 
 .text.decode_utf8
                0x000000000000c940      0x128 C:\devkitPro/libnx/lib\libnx.a(decode_utf8.o)
                0x000000000000c940                decode_utf8
 *fill*         0x000000000000ca68        0x8 
 .text.utf16_to_utf8
                0x000000000000ca70      0x134 C:\devkitPro/libnx/lib\libnx.a(utf16_to_utf8.o)
                0x000000000000ca70                utf16_to_utf8
 *fill*         0x000000000000cba4        0xc 
 .text.utf8_to_utf16
                0x000000000000cbb0      0x104 C:\devkitPro/libnx/lib\libnx.a(utf8_to_utf16.o)
                0x000000000000cbb0                utf8_to_utf16
 .text.svcSetHeapSize
                0x000000000000ccb4       0x14 C:\devkitPro/libnx/lib\libnx.a(svc.o)
                0x000000000000ccb4                svcSetHeapSize
 .text.svcSetMemoryPermission
                0x000000000000ccc8        0x8 C:\devkitPro/libnx/lib\libnx.a(svc.o)
                0x000000000000ccc8                svcSetMemoryPermission
 .text.svcSetMemoryAttribute
                0x000000000000ccd0        0x8 C:\devkitPro/libnx/lib\libnx.a(svc.o)
                0x000000000000ccd0                svcSetMemoryAttribute
 .text.svcUnmapMemory
                0x000000000000ccd8        0x8 C:\devkitPro/libnx/lib\libnx.a(svc.o)
                0x000000000000ccd8                svcUnmapMemory
 .text.svcQueryMemory
                0x000000000000cce0       0x14 C:\devkitPro/libnx/lib\libnx.a(svc.o)
                0x000000000000cce0                svcQueryMemory
 .text.svcExitProcess
                0x000000000000ccf4        0x8 C:\devkitPro/libnx/lib\libnx.a(svc.o)
                0x000000000000ccf4                svcExitProcess
 .text.svcSleepThread
                0x000000000000ccfc        0x8 C:\devkitPro/libnx/lib\libnx.a(svc.o)
                0x000000000000ccfc                svcSleepThread
 .text.svcMapSharedMemory
                0x000000000000cd04        0x8 C:\devkitPro/libnx/lib\libnx.a(svc.o)
                0x000000000000cd04                svcMapSharedMemory
 .text.svcUnmapSharedMemory
                0x000000000000cd0c        0x8 C:\devkitPro/libnx/lib\libnx.a(svc.o)
                0x000000000000cd0c                svcUnmapSharedMemory
 .text.svcCreateTransferMemory
                0x000000000000cd14       0x14 C:\devkitPro/libnx/lib\libnx.a(svc.o)
                0x000000000000cd14                svcCreateTransferMemory
 .text.svcCloseHandle
                0x000000000000cd28        0x8 C:\devkitPro/libnx/lib\libnx.a(svc.o)
                0x000000000000cd28                svcCloseHandle
 .text.svcResetSignal
                0x000000000000cd30        0x8 C:\devkitPro/libnx/lib\libnx.a(svc.o)
                0x000000000000cd30                svcResetSignal
 .text.svcWaitSynchronization
                0x000000000000cd38       0x14 C:\devkitPro/libnx/lib\libnx.a(svc.o)
                0x000000000000cd38                svcWaitSynchronization
 .text.svcArbitrateLock
                0x000000000000cd4c        0x8 C:\devkitPro/libnx/lib\libnx.a(svc.o)
                0x000000000000cd4c                svcArbitrateLock
 .text.svcArbitrateUnlock
                0x000000000000cd54        0x8 C:\devkitPro/libnx/lib\libnx.a(svc.o)
                0x000000000000cd54                svcArbitrateUnlock
 .text.svcWaitProcessWideKeyAtomic
                0x000000000000cd5c        0x8 C:\devkitPro/libnx/lib\libnx.a(svc.o)
                0x000000000000cd5c                svcWaitProcessWideKeyAtomic
 .text.svcSignalProcessWideKey
                0x000000000000cd64        0x8 C:\devkitPro/libnx/lib\libnx.a(svc.o)
                0x000000000000cd64                svcSignalProcessWideKey
 .text.svcConnectToNamedPort
                0x000000000000cd6c       0x14 C:\devkitPro/libnx/lib\libnx.a(svc.o)
                0x000000000000cd6c                svcConnectToNamedPort
 .text.svcSendSyncRequest
                0x000000000000cd80        0x8 C:\devkitPro/libnx/lib\libnx.a(svc.o)
                0x000000000000cd80                svcSendSyncRequest
 .text.svcBreak
                0x000000000000cd88        0x8 C:\devkitPro/libnx/lib\libnx.a(svc.o)
                0x000000000000cd88                svcBreak
 .text.svcReturnFromException
                0x000000000000cd90        0x8 C:\devkitPro/libnx/lib\libnx.a(svc.o)
                0x000000000000cd90                svcReturnFromException
 .text.svcGetInfo
                0x000000000000cd98       0x14 C:\devkitPro/libnx/lib\libnx.a(svc.o)
                0x000000000000cd98                svcGetInfo
 .text.svcUnmapTransferMemory
                0x000000000000cdac        0x8 C:\devkitPro/libnx/lib\libnx.a(svc.o)
                0x000000000000cdac                svcUnmapTransferMemory
 .text.__aarch64_read_tp
                0x000000000000cdb4        0xc C:\devkitPro/libnx/lib\libnx.a(readtp.o)
                0x000000000000cdb4                __aarch64_read_tp
 .text.eventLoadRemote
                0x000000000000cdc0        0xc C:\devkitPro/libnx/lib\libnx.a(event.o)
                0x000000000000cdc0                eventLoadRemote
 *fill*         0x000000000000cdcc        0x4 
 .text.eventWait
                0x000000000000cdd0       0x34 C:\devkitPro/libnx/lib\libnx.a(event.o)
                0x000000000000cdd0                eventWait
 *fill*         0x000000000000ce04        0xc 
 .text.eventClose
                0x000000000000ce10       0x54 C:\devkitPro/libnx/lib\libnx.a(event.o)
                0x000000000000ce10                eventClose
 *fill*         0x000000000000ce64        0xc 
 .text.mutexLock
                0x000000000000ce70       0xc8 C:\devkitPro/libnx/lib\libnx.a(mutex.o)
                0x000000000000ce70                mutexLock
 *fill*         0x000000000000cf38        0x8 
 .text.mutexUnlock
                0x000000000000cf40       0x68 C:\devkitPro/libnx/lib\libnx.a(mutex.o)
                0x000000000000cf40                mutexUnlock
 *fill*         0x000000000000cfa8        0x8 
 .text.mutexIsLockedByCurrentThread
                0x000000000000cfb0       0x1c C:\devkitPro/libnx/lib\libnx.a(mutex.o)
                0x000000000000cfb0                mutexIsLockedByCurrentThread
 *fill*         0x000000000000cfcc        0x4 
 .text.rmutexLock
                0x000000000000cfd0       0x50 C:\devkitPro/libnx/lib\libnx.a(mutex.o)
                0x000000000000cfd0                rmutexLock
 .text.rmutexUnlock
                0x000000000000d020       0x18 C:\devkitPro/libnx/lib\libnx.a(mutex.o)
                0x000000000000d020                rmutexUnlock
 *fill*         0x000000000000d038        0x8 
 .text.tmemCreate
                0x000000000000d040       0xa8 C:\devkitPro/libnx/lib\libnx.a(tmem.o)
                0x000000000000d040                tmemCreate
 *fill*         0x000000000000d0e8        0x8 
 .text.tmemCreateFromMemory
                0x000000000000d0f0       0x2c C:\devkitPro/libnx/lib\libnx.a(tmem.o)
                0x000000000000d0f0                tmemCreateFromMemory
 *fill*         0x000000000000d11c        0x4 
 .text.tmemUnmap
                0x000000000000d120       0x34 C:\devkitPro/libnx/lib\libnx.a(tmem.o)
                0x000000000000d120                tmemUnmap
 *fill*         0x000000000000d154        0xc 
 .text.tmemCloseHandle
                0x000000000000d160       0x30 C:\devkitPro/libnx/lib\libnx.a(tmem.o)
                0x000000000000d160                tmemCloseHandle
 .text.tmemWaitForPermission
                0x000000000000d190       0x9c C:\devkitPro/libnx/lib\libnx.a(tmem.o)
                0x000000000000d190                tmemWaitForPermission
 *fill*         0x000000000000d22c        0x4 
 .text.tmemClose
                0x000000000000d230       0x50 C:\devkitPro/libnx/lib\libnx.a(tmem.o)
                0x000000000000d230                tmemClose
 .text._memregionInitWithInfo
                0x000000000000d280       0x64 C:\devkitPro/libnx/lib\libnx.a(virtmem.o)
 *fill*         0x000000000000d2e4        0xc 
 .text.__libnx_virtmem_rng
                0x000000000000d2f0        0x4 C:\devkitPro/libnx/lib\libnx.a(virtmem.o)
                0x000000000000d2f0                __libnx_virtmem_rng
 *fill*         0x000000000000d2f4        0xc 
 .text._memregionFindRandom
                0x000000000000d300      0x164 C:\devkitPro/libnx/lib\libnx.a(virtmem.o)
 *fill*         0x000000000000d464        0xc 
 .text.virtmemSetup
                0x000000000000d470      0x140 C:\devkitPro/libnx/lib\libnx.a(virtmem.o)
                0x000000000000d470                virtmemSetup
 .text.virtmemLock
                0x000000000000d5b0        0xc C:\devkitPro/libnx/lib\libnx.a(virtmem.o)
                0x000000000000d5b0                virtmemLock
 *fill*         0x000000000000d5bc        0x4 
 .text.virtmemUnlock
                0x000000000000d5c0        0xc C:\devkitPro/libnx/lib\libnx.a(virtmem.o)
                0x000000000000d5c0                virtmemUnlock
 *fill*         0x000000000000d5cc        0x4 
 .text.virtmemFindAslr
                0x000000000000d5d0       0x50 C:\devkitPro/libnx/lib\libnx.a(virtmem.o)
                0x000000000000d5d0                virtmemFindAslr
 .text.waitObjects
                0x000000000000d620      0x57c C:\devkitPro/libnx/lib\libnx.a(wait.o)
                0x000000000000d620                waitObjects
 *fill*         0x000000000000db9c        0x4 
 .text.sessionmgrCreate
                0x000000000000dba0      0x184 C:\devkitPro/libnx/lib\libnx.a(sessionmgr.o)
                0x000000000000dba0                sessionmgrCreate
 *fill*         0x000000000000dd24        0xc 
 .text.sessionmgrClose
                0x000000000000dd30       0x84 C:\devkitPro/libnx/lib\libnx.a(sessionmgr.o)
                0x000000000000dd30                sessionmgrClose
 *fill*         0x000000000000ddb4        0xc 
 .text.sessionmgrAttachClient
                0x000000000000ddc0       0xa8 C:\devkitPro/libnx/lib\libnx.a(sessionmgr.o)
                0x000000000000ddc0                sessionmgrAttachClient
 *fill*         0x000000000000de68        0x8 
 .text.sessionmgrDetachClient
                0x000000000000de70       0x60 C:\devkitPro/libnx/lib\libnx.a(sessionmgr.o)
                0x000000000000de70                sessionmgrDetachClient
 .text._apmCleanup
                0x000000000000ded0       0xd4 C:\devkitPro/libnx/lib\libnx.a(apm.o)
 *fill*         0x000000000000dfa4        0xc 
 .text.apmInitialize
                0x000000000000dfb0      0x194 C:\devkitPro/libnx/lib\libnx.a(apm.o)
                0x000000000000dfb0                apmInitialize
 *fill*         0x000000000000e144        0xc 
 .text.apmExit  0x000000000000e150       0x48 C:\devkitPro/libnx/lib\libnx.a(apm.o)
                0x000000000000e150                apmExit
 *fill*         0x000000000000e198        0x8 
 .text.apmSetPerformanceConfiguration
                0x000000000000e1a0       0xc8 C:\devkitPro/libnx/lib\libnx.a(apm.o)
                0x000000000000e1a0                apmSetPerformanceConfiguration
 *fill*         0x000000000000e268        0x8 
 .text._hidCleanup
                0x000000000000e270      0x12c C:\devkitPro/libnx/lib\libnx.a(hid.o)
 *fill*         0x000000000000e39c        0x4 
 .text._hidCmdInAruidNoOut
                0x000000000000e3a0       0xd4 C:\devkitPro/libnx/lib\libnx.a(hid.o)
 *fill*         0x000000000000e474        0xc 
 .text._hidCmdInU32AruidNoOut
                0x000000000000e480       0xe0 C:\devkitPro/libnx/lib\libnx.a(hid.o)
 .text._hidGetStates
                0x000000000000e560      0x194 C:\devkitPro/libnx/lib\libnx.a(hid.o)
 *fill*         0x000000000000e6f4        0xc 
 .text.hidInitialize
                0x000000000000e700      0x26c C:\devkitPro/libnx/lib\libnx.a(hid.o)
                0x000000000000e700                hidInitialize
 *fill*         0x000000000000e96c        0x4 
 .text.hidExit  0x000000000000e970       0x48 C:\devkitPro/libnx/lib\libnx.a(hid.o)
                0x000000000000e970                hidExit
 *fill*         0x000000000000e9b8        0x8 
 .text.hidGetSharedmemAddr
                0x000000000000e9c0        0xc C:\devkitPro/libnx/lib\libnx.a(hid.o)
                0x000000000000e9c0                hidGetSharedmemAddr
 *fill*         0x000000000000e9cc        0x4 
 .text.hidGetNpadStyleSet
                0x000000000000e9d0       0x90 C:\devkitPro/libnx/lib\libnx.a(hid.o)
                0x000000000000e9d0                hidGetNpadStyleSet
 .text.hidInitializeNpad
                0x000000000000ea60       0x84 C:\devkitPro/libnx/lib\libnx.a(hid.o)
                0x000000000000ea60                hidInitializeNpad
 *fill*         0x000000000000eae4        0xc 
 .text.hidGetNpadStatesFullKey
                0x000000000000eaf0       0xa4 C:\devkitPro/libnx/lib\libnx.a(hid.o)
                0x000000000000eaf0                hidGetNpadStatesFullKey
 *fill*         0x000000000000eb94        0xc 
 .text.hidGetNpadStatesHandheld
                0x000000000000eba0       0xa4 C:\devkitPro/libnx/lib\libnx.a(hid.o)
                0x000000000000eba0                hidGetNpadStatesHandheld
 *fill*         0x000000000000ec44        0xc 
 .text.hidGetNpadStatesJoyDual
                0x000000000000ec50       0xa4 C:\devkitPro/libnx/lib\libnx.a(hid.o)
                0x000000000000ec50                hidGetNpadStatesJoyDual
 *fill*         0x000000000000ecf4        0xc 
 .text.hidGetNpadStatesJoyLeft
                0x000000000000ed00       0xa4 C:\devkitPro/libnx/lib\libnx.a(hid.o)
                0x000000000000ed00                hidGetNpadStatesJoyLeft
 *fill*         0x000000000000eda4        0xc 
 .text.hidGetNpadStatesJoyRight
                0x000000000000edb0       0xa4 C:\devkitPro/libnx/lib\libnx.a(hid.o)
                0x000000000000edb0                hidGetNpadStatesJoyRight
 *fill*         0x000000000000ee54        0xc 
 .text.hidGetNpadStatesGc
                0x000000000000ee60      0x144 C:\devkitPro/libnx/lib\libnx.a(hid.o)
                0x000000000000ee60                hidGetNpadStatesGc
 *fill*         0x000000000000efa4        0xc 
 .text.hidGetNpadStatesSystemExt
                0x000000000000efb0       0xa8 C:\devkitPro/libnx/lib\libnx.a(hid.o)
                0x000000000000efb0                hidGetNpadStatesSystemExt
 *fill*         0x000000000000f058        0x8 
 .text.hidSetSupportedNpadStyleSet
                0x000000000000f060        0x8 C:\devkitPro/libnx/lib\libnx.a(hid.o)
                0x000000000000f060                hidSetSupportedNpadStyleSet
 *fill*         0x000000000000f068        0x8 
 .text.hidSetSupportedNpadIdType
                0x000000000000f070      0x100 C:\devkitPro/libnx/lib\libnx.a(hid.o)
                0x000000000000f070                hidSetSupportedNpadIdType
 .text._timeCleanup
                0x000000000000f170      0x27c C:\devkitPro/libnx/lib\libnx.a(time.o)
 *fill*         0x000000000000f3ec        0x4 
 .text._timeCmdGetSession.constprop.0
                0x000000000000f3f0      0x100 C:\devkitPro/libnx/lib\libnx.a(time.o)
 .text._timeReadClockFromSharedMem
                0x000000000000f4f0      0x104 C:\devkitPro/libnx/lib\libnx.a(time.o)
 *fill*         0x000000000000f5f4        0xc 
 .text.timeInitialize
                0x000000000000f600      0x300 C:\devkitPro/libnx/lib\libnx.a(time.o)
                0x000000000000f600                timeInitialize
 .text.timeExit
                0x000000000000f900       0x48 C:\devkitPro/libnx/lib\libnx.a(time.o)
                0x000000000000f900                timeExit
 *fill*         0x000000000000f948        0x8 
 .text.timeGetServiceSession_SystemClock
                0x000000000000f950       0x38 C:\devkitPro/libnx/lib\libnx.a(time.o)
                0x000000000000f950                timeGetServiceSession_SystemClock
 *fill*         0x000000000000f988        0x8 
 .text.timeGetCurrentTime
                0x000000000000f990       0xfc C:\devkitPro/libnx/lib\libnx.a(time.o)
                0x000000000000f990                timeGetCurrentTime
 *fill*         0x000000000000fa8c        0x4 
 .text.timeToCalendarTimeWithMyRule
                0x000000000000fa90      0x108 C:\devkitPro/libnx/lib\libnx.a(time.o)
                0x000000000000fa90                timeToCalendarTimeWithMyRule
 *fill*         0x000000000000fb98        0x8 
 .text.timeToPosixTimeWithMyRule
                0x000000000000fba0      0x114 C:\devkitPro/libnx/lib\libnx.a(time.o)
                0x000000000000fba0                timeToPosixTimeWithMyRule
 *fill*         0x000000000000fcb4        0xc 
 .text._viCleanup
                0x000000000000fcc0      0x230 C:\devkitPro/libnx/lib\libnx.a(vi.o)
 .text._viCmdGetSessionNoParams.constprop.0
                0x000000000000fef0      0x100 C:\devkitPro/libnx/lib\libnx.a(vi.o)
 .text.viInitialize
                0x000000000000fff0      0x368 C:\devkitPro/libnx/lib\libnx.a(vi.o)
                0x000000000000fff0                viInitialize
 *fill*         0x0000000000010358        0x8 
 .text.viExit   0x0000000000010360       0x48 C:\devkitPro/libnx/lib\libnx.a(vi.o)
                0x0000000000010360                viExit
 *fill*         0x00000000000103a8        0x8 
 .text.viGetSession_IHOSBinderDriverRelay
                0x00000000000103b0        0xc C:\devkitPro/libnx/lib\libnx.a(vi.o)
                0x00000000000103b0                viGetSession_IHOSBinderDriverRelay
 *fill*         0x00000000000103bc        0x4 
 .text.viOpenDisplay
                0x00000000000103c0      0x10c C:\devkitPro/libnx/lib\libnx.a(vi.o)
                0x00000000000103c0                viOpenDisplay
 *fill*         0x00000000000104cc        0x4 
 .text.viCloseDisplay
                0x00000000000104d0       0xec C:\devkitPro/libnx/lib\libnx.a(vi.o)
                0x00000000000104d0                viCloseDisplay
 *fill*         0x00000000000105bc        0x4 
 .text.viCloseLayer
                0x00000000000105c0       0xf4 C:\devkitPro/libnx/lib\libnx.a(vi.o)
                0x00000000000105c0                viCloseLayer
 *fill*         0x00000000000106b4        0xc 
 .text.viCreateLayer
                0x00000000000106c0      0x394 C:\devkitPro/libnx/lib\libnx.a(vi.o)
                0x00000000000106c0                viCreateLayer
 *fill*         0x0000000000010a54        0xc 
 .text.viSetLayerScalingMode
                0x0000000000010a60       0xd8 C:\devkitPro/libnx/lib\libnx.a(vi.o)
                0x0000000000010a60                viSetLayerScalingMode
 *fill*         0x0000000000010b38        0x8 
 .text.nwindowGetDefault
                0x0000000000010b40        0xc C:\devkitPro/libnx/lib\libnx.a(default_window.o)
                0x0000000000010b40                nwindowGetDefault
 *fill*         0x0000000000010b4c        0x4 
 .text.__nx_win_init
                0x0000000000010b50       0xa4 C:\devkitPro/libnx/lib\libnx.a(default_window.o)
                0x0000000000010b50                __nx_win_init
 *fill*         0x0000000000010bf4        0xc 
 .text.__nx_win_exit
                0x0000000000010c00       0x34 C:\devkitPro/libnx/lib\libnx.a(default_window.o)
                0x0000000000010c00                __nx_win_exit
 *fill*         0x0000000000010c34        0xc 
 .text.framebufferMakeLinear
                0x0000000000010c40       0x8c C:\devkitPro/libnx/lib\libnx.a(framebuffer.o)
                0x0000000000010c40                framebufferMakeLinear
 *fill*         0x0000000000010ccc        0x4 
 .text.framebufferClose
                0x0000000000010cd0       0x84 C:\devkitPro/libnx/lib\libnx.a(framebuffer.o)
                0x0000000000010cd0                framebufferClose
 *fill*         0x0000000000010d54        0xc 
 .text.framebufferCreate
                0x0000000000010d60      0x290 C:\devkitPro/libnx/lib\libnx.a(framebuffer.o)
                0x0000000000010d60                framebufferCreate
 .text.framebufferBegin
                0x0000000000010ff0       0x7c C:\devkitPro/libnx/lib\libnx.a(framebuffer.o)
                0x0000000000010ff0                framebufferBegin
 *fill*         0x000000000001106c        0x4 
 .text.framebufferEnd
                0x0000000000011070      0x198 C:\devkitPro/libnx/lib\libnx.a(framebuffer.o)
                0x0000000000011070                framebufferEnd
 *fill*         0x0000000000011208        0x8 
 .text.nwindowIsValid
                0x0000000000011210       0x24 C:\devkitPro/libnx/lib\libnx.a(native_window.o)
                0x0000000000011210                nwindowIsValid
 *fill*         0x0000000000011234        0xc 
 .text.nwindowClose
                0x0000000000011240       0x7c C:\devkitPro/libnx/lib\libnx.a(native_window.o)
                0x0000000000011240                nwindowClose
 *fill*         0x00000000000112bc        0x4 
 .text.nwindowCreate
                0x00000000000112c0       0xf8 C:\devkitPro/libnx/lib\libnx.a(native_window.o)
                0x00000000000112c0                nwindowCreate
 *fill*         0x00000000000113b8        0x8 
 .text.nwindowCreateFromLayer
                0x00000000000113c0       0x38 C:\devkitPro/libnx/lib\libnx.a(native_window.o)
                0x00000000000113c0                nwindowCreateFromLayer
 *fill*         0x00000000000113f8        0x8 
 .text.nwindowSetDimensions
                0x0000000000011400       0x84 C:\devkitPro/libnx/lib\libnx.a(native_window.o)
                0x0000000000011400                nwindowSetDimensions
 *fill*         0x0000000000011484        0xc 
 .text.nwindowConfigureBuffer
                0x0000000000011490      0x180 C:\devkitPro/libnx/lib\libnx.a(native_window.o)
                0x0000000000011490                nwindowConfigureBuffer
 .text.nwindowDequeueBuffer
                0x0000000000011610      0x1cc C:\devkitPro/libnx/lib\libnx.a(native_window.o)
                0x0000000000011610                nwindowDequeueBuffer
 *fill*         0x00000000000117dc        0x4 
 .text.nwindowQueueBuffer
                0x00000000000117e0      0x12c C:\devkitPro/libnx/lib\libnx.a(native_window.o)
                0x00000000000117e0                nwindowQueueBuffer
 *fill*         0x000000000001190c        0x4 
 .text.nwindowReleaseBuffers
                0x0000000000011910       0xbc C:\devkitPro/libnx/lib\libnx.a(native_window.o)
                0x0000000000011910                nwindowReleaseBuffers
 *fill*         0x00000000000119cc        0x4 
 .text.libappletArgsCreate
                0x00000000000119d0       0x40 C:\devkitPro/libnx/lib\libnx.a(libapplet.o)
                0x00000000000119d0                libappletArgsCreate
 .text.libappletCreateWriteStorage
                0x0000000000011a10       0x68 C:\devkitPro/libnx/lib\libnx.a(libapplet.o)
                0x0000000000011a10                libappletCreateWriteStorage
 *fill*         0x0000000000011a78        0x8 
 .text.libappletArgsPush
                0x0000000000011a80       0x44 C:\devkitPro/libnx/lib\libnx.a(libapplet.o)
                0x0000000000011a80                libappletArgsPush
 *fill*         0x0000000000011ac4        0xc 
 .text.libappletPushInData
                0x0000000000011ad0       0x34 C:\devkitPro/libnx/lib\libnx.a(libapplet.o)
                0x0000000000011ad0                libappletPushInData
 *fill*         0x0000000000011b04        0xc 
 .text.argvSetup
                0x0000000000011b10      0x314 C:\devkitPro/libnx/lib\libnx.a(argv.o)
                0x0000000000011b10                argvSetup
 *fill*         0x0000000000011e24        0xc 
 .text.__nx_dynamic
                0x0000000000011e30      0x1fc C:\devkitPro/libnx/lib\libnx.a(dynamic.o)
                0x0000000000011e30                __nx_dynamic
 *fill*         0x000000000001202c        0x4 
 .text.__libnx_initheap
                0x0000000000012030       0xd0 C:\devkitPro/libnx/lib\libnx.a(init.o)
                0x0000000000012030                __libnx_initheap
 .text.__appInit
                0x0000000000012100       0xec C:\devkitPro/libnx/lib\libnx.a(init.o)
                0x0000000000012100                __appInit
 *fill*         0x00000000000121ec        0x4 
 .text.__appExit
                0x00000000000121f0       0x44 C:\devkitPro/libnx/lib\libnx.a(init.o)
                0x00000000000121f0                __appExit
 *fill*         0x0000000000012234        0xc 
 .text.__libnx_init
                0x0000000000012240       0x2c C:\devkitPro/libnx/lib\libnx.a(init.o)
                0x0000000000012240                __libnx_init
 *fill*         0x000000000001226c        0x4 
 .text.__libnx_exit
                0x0000000000012270       0x1c C:\devkitPro/libnx/lib\libnx.a(init.o)
                0x0000000000012270                __libnx_exit
 *fill*         0x000000000001228c        0x4 
 .text.__syscall_exit
                0x0000000000012290       0x1c C:\devkitPro/libnx/lib\libnx.a(newlib.o)
                0x0000000000012290                __syscall_exit
 *fill*         0x00000000000122ac        0x4 
 .text.__syscall_getreent
                0x00000000000122b0       0x34 C:\devkitPro/libnx/lib\libnx.a(newlib.o)
                0x00000000000122b0                __syscall_getreent
 *fill*         0x00000000000122e4        0xc 
 .text.__syscall_lock_acquire
                0x00000000000122f0        0x4 C:\devkitPro/libnx/lib\libnx.a(newlib.o)
                0x00000000000122f0                __syscall_lock_acquire
 *fill*         0x00000000000122f4        0xc 
 .text.__syscall_lock_release
                0x0000000000012300        0x4 C:\devkitPro/libnx/lib\libnx.a(newlib.o)
                0x0000000000012300                __syscall_lock_release
 *fill*         0x0000000000012304        0xc 
 .text.__syscall_lock_acquire_recursive
                0x0000000000012310        0x4 C:\devkitPro/libnx/lib\libnx.a(newlib.o)
                0x0000000000012310                __syscall_lock_acquire_recursive
 *fill*         0x0000000000012314        0xc 
 .text.__syscall_lock_release_recursive
                0x0000000000012320        0x4 C:\devkitPro/libnx/lib\libnx.a(newlib.o)
                0x0000000000012320                __syscall_lock_release_recursive
 *fill*         0x0000000000012324        0xc 
 .text.__libnx_init_time
                0x0000000000012330      0x25c C:\devkitPro/libnx/lib\libnx.a(newlib.o)
                0x0000000000012330                __libnx_init_time
 *fill*         0x000000000001258c        0x4 
 .text.newlibSetup
                0x0000000000012590       0x98 C:\devkitPro/libnx/lib\libnx.a(newlib.o)
                0x0000000000012590                newlibSetup
 *fill*         0x0000000000012628        0x8 
 .text.nxlinkSetup
                0x0000000000012630       0xe8 C:\devkitPro/libnx/lib\libnx.a(nxlink.o)
                0x0000000000012630                nxlinkSetup
 *fill*         0x0000000000012718        0x8 
 .text.decode_utf16
                0x0000000000012720       0x60 C:\devkitPro/libnx/lib\libnx.a(decode_utf16.o)
                0x0000000000012720                decode_utf16
 .text.encode_utf16
                0x0000000000012780       0x58 C:\devkitPro/libnx/lib\libnx.a(encode_utf16.o)
                0x0000000000012780                encode_utf16
 *fill*         0x00000000000127d8        0x8 
 .text.encode_utf8
                0x00000000000127e0       0xd0 C:\devkitPro/libnx/lib\libnx.a(encode_utf8.o)
                0x00000000000127e0                encode_utf8
 .text.armDCacheFlush
                0x00000000000128b0       0x4c C:\devkitPro/libnx/lib\libnx.a(cache.o)
                0x00000000000128b0                armDCacheFlush
 .text.__libnx_exception_entry
                0x00000000000128fc      0x1c0 C:\devkitPro/libnx/lib\libnx.a(exception.o)
                0x00000000000128fc                __libnx_exception_entry
 .text.__libnx_exception_returnentry
                0x0000000000012abc       0x18 C:\devkitPro/libnx/lib\libnx.a(exception.o)
                0x0000000000012abc                __libnx_exception_returnentry
 *fill*         0x0000000000012ad4        0xc 
 .text.condvarWaitTimeout
                0x0000000000012ae0       0x70 C:\devkitPro/libnx/lib\libnx.a(condvar.o)
                0x0000000000012ae0                condvarWaitTimeout
 .text.randomGet
                0x0000000000012b50      0x410 C:\devkitPro/libnx/lib\libnx.a(random.o)
                0x0000000000012b50                randomGet
 .text.randomGet64
                0x0000000000012f60       0x20 C:\devkitPro/libnx/lib\libnx.a(random.o)
                0x0000000000012f60                randomGet64
 .text.shmemLoadRemote
                0x0000000000012f80       0x14 C:\devkitPro/libnx/lib\libnx.a(shmem.o)
                0x0000000000012f80                shmemLoadRemote
 *fill*         0x0000000000012f94        0xc 
 .text.shmemMap
                0x0000000000012fa0       0x70 C:\devkitPro/libnx/lib\libnx.a(shmem.o)
                0x0000000000012fa0                shmemMap
 .text.shmemUnmap
                0x0000000000013010       0x34 C:\devkitPro/libnx/lib\libnx.a(shmem.o)
                0x0000000000013010                shmemUnmap
 *fill*         0x0000000000013044        0xc 
 .text.shmemClose
                0x0000000000013050       0x4c C:\devkitPro/libnx/lib\libnx.a(shmem.o)
                0x0000000000013050                shmemClose
 *fill*         0x000000000001309c        0x4 
 .text.__libnx_init_thread
                0x00000000000130a0       0xb0 C:\devkitPro/libnx/lib\libnx.a(thread.o)
                0x00000000000130a0                __libnx_init_thread
 .text._nvCleanup
                0x0000000000013150       0xd0 C:\devkitPro/libnx/lib\libnx.a(nv.o)
 .text._nvCmdInitialize.constprop.0
                0x0000000000013220       0xd4 C:\devkitPro/libnx/lib\libnx.a(nv.o)
 *fill*         0x00000000000132f4        0xc 
 .text.__nx_nv_create_tmem
                0x0000000000013300       0x18 C:\devkitPro/libnx/lib\libnx.a(nv.o)
                0x0000000000013300                __nx_nv_create_tmem
 *fill*         0x0000000000013318        0x8 
 .text.nvInitialize
                0x0000000000013320      0x3a8 C:\devkitPro/libnx/lib\libnx.a(nv.o)
                0x0000000000013320                nvInitialize
 *fill*         0x00000000000136c8        0x8 
 .text.nvExit   0x00000000000136d0       0x48 C:\devkitPro/libnx/lib\libnx.a(nv.o)
                0x00000000000136d0                nvExit
 *fill*         0x0000000000013718        0x8 
 .text.nvConvertError
                0x0000000000013720       0xf4 C:\devkitPro/libnx/lib\libnx.a(nv.o)
                0x0000000000013720                nvConvertError
 *fill*         0x0000000000013814        0xc 
 .text.nvOpen   0x0000000000013820      0x114 C:\devkitPro/libnx/lib\libnx.a(nv.o)
                0x0000000000013820                nvOpen
 *fill*         0x0000000000013934        0xc 
 .text.nvIoctl  0x0000000000013940      0x310 C:\devkitPro/libnx/lib\libnx.a(nv.o)
                0x0000000000013940                nvIoctl
 .text.nvClose  0x0000000000013c50       0xd4 C:\devkitPro/libnx/lib\libnx.a(nv.o)
                0x0000000000013c50                nvClose
 *fill*         0x0000000000013d24        0xc 
 .text.nvQueryEvent
                0x0000000000013d30      0x10c C:\devkitPro/libnx/lib\libnx.a(nv.o)
                0x0000000000013d30                nvQueryEvent
 *fill*         0x0000000000013e3c        0x4 
 .text._setsysGetFirmwareVersionImpl
                0x0000000000013e40       0xd0 C:\devkitPro/libnx/lib\libnx.a(set.o)
 .text._setsysCleanup
                0x0000000000013f10       0x78 C:\devkitPro/libnx/lib\libnx.a(set.o)
 *fill*         0x0000000000013f88        0x8 
 .text.setsysInitialize
                0x0000000000013f90       0xa0 C:\devkitPro/libnx/lib\libnx.a(set.o)
                0x0000000000013f90                setsysInitialize
 .text.setsysExit
                0x0000000000014030       0x48 C:\devkitPro/libnx/lib\libnx.a(set.o)
                0x0000000000014030                setsysExit
 *fill*         0x0000000000014078        0x8 
 .text.setsysGetFirmwareVersion
                0x0000000000014080       0x48 C:\devkitPro/libnx/lib\libnx.a(set.o)
                0x0000000000014080                setsysGetFirmwareVersion
 *fill*         0x00000000000140c8        0x8 
 .text._nvFenceCleanup
                0x00000000000140d0       0x74 C:\devkitPro/libnx/lib\libnx.a(fence.o)
 *fill*         0x0000000000014144        0xc 
 .text.nvFenceInit
                0x0000000000014150       0x98 C:\devkitPro/libnx/lib\libnx.a(fence.o)
                0x0000000000014150                nvFenceInit
 *fill*         0x00000000000141e8        0x8 
 .text.nvFenceExit
                0x00000000000141f0       0x48 C:\devkitPro/libnx/lib\libnx.a(fence.o)
                0x00000000000141f0                nvFenceExit
 *fill*         0x0000000000014238        0x8 
 .text.nvFenceWait
                0x0000000000014240      0x290 C:\devkitPro/libnx/lib\libnx.a(fence.o)
                0x0000000000014240                nvFenceWait
 .text.nvMultiFenceWait
                0x00000000000144d0       0x7c C:\devkitPro/libnx/lib\libnx.a(fence.o)
                0x00000000000144d0                nvMultiFenceWait
 *fill*         0x000000000001454c        0x4 
 .text.nvMapInit
                0x0000000000014550       0xac C:\devkitPro/libnx/lib\libnx.a(map.o)
                0x0000000000014550                nvMapInit
 *fill*         0x00000000000145fc        0x4 
 .text.nvMapExit
                0x0000000000014600       0x74 C:\devkitPro/libnx/lib\libnx.a(map.o)
                0x0000000000014600                nvMapExit
 *fill*         0x0000000000014674        0xc 
 .text.nvMapClose
                0x0000000000014680       0x8c C:\devkitPro/libnx/lib\libnx.a(map.o)
                0x0000000000014680                nvMapClose
 *fill*         0x000000000001470c        0x4 
 .text.nvMapCreate
                0x0000000000014710      0x160 C:\devkitPro/libnx/lib\libnx.a(map.o)
                0x0000000000014710                nvMapCreate
 .text.nvioctlNvhostCtrl_EventSignal
                0x0000000000014870       0x24 C:\devkitPro/libnx/lib\libnx.a(nvhost-ctrl.o)
                0x0000000000014870                nvioctlNvhostCtrl_EventSignal
 *fill*         0x0000000000014894        0xc 
 .text.nvioctlNvhostCtrl_EventWait
                0x00000000000148a0       0x3c C:\devkitPro/libnx/lib\libnx.a(nvhost-ctrl.o)
                0x00000000000148a0                nvioctlNvhostCtrl_EventWait
 *fill*         0x00000000000148dc        0x4 
 .text.nvioctlNvhostCtrl_EventWaitAsync
                0x00000000000148e0       0x28 C:\devkitPro/libnx/lib\libnx.a(nvhost-ctrl.o)
                0x00000000000148e0                nvioctlNvhostCtrl_EventWaitAsync
 *fill*         0x0000000000014908        0x8 
 .text.nvioctlNvhostCtrl_EventRegister
                0x0000000000014910       0x24 C:\devkitPro/libnx/lib\libnx.a(nvhost-ctrl.o)
                0x0000000000014910                nvioctlNvhostCtrl_EventRegister
 *fill*         0x0000000000014934        0xc 
 .text.nvioctlNvhostCtrl_EventUnregister
                0x0000000000014940       0x24 C:\devkitPro/libnx/lib\libnx.a(nvhost-ctrl.o)
                0x0000000000014940                nvioctlNvhostCtrl_EventUnregister
 *fill*         0x0000000000014964        0xc 
 .text.nvioctlNvmap_Create
                0x0000000000014970       0x3c C:\devkitPro/libnx/lib\libnx.a(nvmap.o)
                0x0000000000014970                nvioctlNvmap_Create
 *fill*         0x00000000000149ac        0x4 
 .text.nvioctlNvmap_Alloc
                0x00000000000149b0       0x30 C:\devkitPro/libnx/lib\libnx.a(nvmap.o)
                0x00000000000149b0                nvioctlNvmap_Alloc
 .text.nvioctlNvmap_Free
                0x00000000000149e0       0x30 C:\devkitPro/libnx/lib\libnx.a(nvmap.o)
                0x00000000000149e0                nvioctlNvmap_Free
 .text.nvioctlNvmap_GetId
                0x0000000000014a10       0x3c C:\devkitPro/libnx/lib\libnx.a(nvmap.o)
                0x0000000000014a10                nvioctlNvmap_GetId
 *fill*         0x0000000000014a4c        0x4 
 .text.binderCreate
                0x0000000000014a50       0x1c C:\devkitPro/libnx/lib\libnx.a(binder.o)
                0x0000000000014a50                binderCreate
 *fill*         0x0000000000014a6c        0x4 
 .text.binderTransactParcel
                0x0000000000014a70      0x35c C:\devkitPro/libnx/lib\libnx.a(binder.o)
                0x0000000000014a70                binderTransactParcel
 *fill*         0x0000000000014dcc        0x4 
 .text.binderConvertErrorCode
                0x0000000000014dd0       0xe8 C:\devkitPro/libnx/lib\libnx.a(binder.o)
                0x0000000000014dd0                binderConvertErrorCode
 *fill*         0x0000000000014eb8        0x8 
 .text.binderAdjustRefcount
                0x0000000000014ec0      0x124 C:\devkitPro/libnx/lib\libnx.a(binder.o)
                0x0000000000014ec0                binderAdjustRefcount
 *fill*         0x0000000000014fe4        0xc 
 .text.binderInitSession
                0x0000000000014ff0       0x9c C:\devkitPro/libnx/lib\libnx.a(binder.o)
                0x0000000000014ff0                binderInitSession
 *fill*         0x000000000001508c        0x4 
 .text.binderClose
                0x0000000000015090       0x5c C:\devkitPro/libnx/lib\libnx.a(binder.o)
                0x0000000000015090                binderClose
 *fill*         0x00000000000150ec        0x4 
 .text.binderGetNativeHandle
                0x00000000000150f0      0x154 C:\devkitPro/libnx/lib\libnx.a(binder.o)
                0x00000000000150f0                binderGetNativeHandle
 *fill*         0x0000000000015244        0xc 
 .text.bqRequestBuffer
                0x0000000000015250       0xc8 C:\devkitPro/libnx/lib\libnx.a(buffer_producer.o)
                0x0000000000015250                bqRequestBuffer
 *fill*         0x0000000000015318        0x8 
 .text.bqDequeueBuffer
                0x0000000000015320      0x128 C:\devkitPro/libnx/lib\libnx.a(buffer_producer.o)
                0x0000000000015320                bqDequeueBuffer
 *fill*         0x0000000000015448        0x8 
 .text.bqQueueBuffer
                0x0000000000015450       0xc8 C:\devkitPro/libnx/lib\libnx.a(buffer_producer.o)
                0x0000000000015450                bqQueueBuffer
 *fill*         0x0000000000015518        0x8 
 .text.bqCancelBuffer
                0x0000000000015520       0x84 C:\devkitPro/libnx/lib\libnx.a(buffer_producer.o)
                0x0000000000015520                bqCancelBuffer
 *fill*         0x00000000000155a4        0xc 
 .text.bqConnect
                0x00000000000155b0       0xd0 C:\devkitPro/libnx/lib\libnx.a(buffer_producer.o)
                0x00000000000155b0                bqConnect
 .text.bqDisconnect
                0x0000000000015680       0x88 C:\devkitPro/libnx/lib\libnx.a(buffer_producer.o)
                0x0000000000015680                bqDisconnect
 *fill*         0x0000000000015708        0x8 
 .text.bqSetPreallocatedBuffer
                0x0000000000015710      0x194 C:\devkitPro/libnx/lib\libnx.a(buffer_producer.o)
                0x0000000000015710                bqSetPreallocatedBuffer
 *fill*         0x00000000000158a4        0xc 
 .text.parcelCreate
                0x00000000000158b0       0x30 C:\devkitPro/libnx/lib\libnx.a(parcel.o)
                0x00000000000158b0                parcelCreate
 .text.parcelTransact
                0x00000000000158e0      0x174 C:\devkitPro/libnx/lib\libnx.a(parcel.o)
                0x00000000000158e0                parcelTransact
 *fill*         0x0000000000015a54        0xc 
 .text.parcelWriteData
                0x0000000000015a60       0x80 C:\devkitPro/libnx/lib\libnx.a(parcel.o)
                0x0000000000015a60                parcelWriteData
 .text.parcelReadData
                0x0000000000015ae0       0x88 C:\devkitPro/libnx/lib\libnx.a(parcel.o)
                0x0000000000015ae0                parcelReadData
 *fill*         0x0000000000015b68        0x8 
 .text.parcelWriteInt32
                0x0000000000015b70       0x20 C:\devkitPro/libnx/lib\libnx.a(parcel.o)
                0x0000000000015b70                parcelWriteInt32
 .text.parcelWriteUInt32
                0x0000000000015b90       0x20 C:\devkitPro/libnx/lib\libnx.a(parcel.o)
                0x0000000000015b90                parcelWriteUInt32
 .text.parcelWriteString16
                0x0000000000015bb0       0x7c C:\devkitPro/libnx/lib\libnx.a(parcel.o)
                0x0000000000015bb0                parcelWriteString16
 *fill*         0x0000000000015c2c        0x4 
 .text.parcelWriteInterfaceToken
                0x0000000000015c30       0x30 C:\devkitPro/libnx/lib\libnx.a(parcel.o)
                0x0000000000015c30                parcelWriteInterfaceToken
 .text.parcelReadInt32
                0x0000000000015c60       0x24 C:\devkitPro/libnx/lib\libnx.a(parcel.o)
                0x0000000000015c60                parcelReadInt32
 *fill*         0x0000000000015c84        0xc 
 .text.parcelReadFlattenedObject
                0x0000000000015c90       0x68 C:\devkitPro/libnx/lib\libnx.a(parcel.o)
                0x0000000000015c90                parcelReadFlattenedObject
 *fill*         0x0000000000015cf8        0x8 
 .text.parcelWriteFlattenedObject
                0x0000000000015d00       0x44 C:\devkitPro/libnx/lib\libnx.a(parcel.o)
                0x0000000000015d00                parcelWriteFlattenedObject
 *fill*         0x0000000000015d44       0x1c 
 .text.strncat  0x0000000000015d60       0xc4 C:/devkitPro/devkitA64/bin/../lib/gcc/aarch64-none-elf/15.2.0/../../../../aarch64-none-elf/lib/pic\libg.a(libc_a-strncat.o)
                0x0000000000015d60                strncat
 *fill*         0x0000000000015e24       0x1c 
 .text          0x0000000000015e40       0xb8 C:/devkitPro/devkitA64/bin/../lib/gcc/aarch64-none-elf/15.2.0/../../../../aarch64-none-elf/lib/pic\libg.a(libc_a-strnlen.o)
                0x0000000000015e40                strnlen
 *fill*         0x0000000000015ef8        0x8 
 .text.bsearch  0x0000000000015f00       0xb4 C:/devkitPro/devkitA64/bin/../lib/gcc/aarch64-none-elf/15.2.0/../../../../aarch64-none-elf/lib/pic\libg.a(libc_a-bsearch.o)
                0x0000000000015f00                bsearch
 *fill*         0x0000000000015fb4        0xc 
 .text          0x0000000000015fc0      0x22c C:/devkitPro/devkitA64/bin/../lib/gcc/aarch64-none-elf/15.2.0/../../../../aarch64-none-elf/lib/pic\libg.a(libc_a-memcpy.o)
                0x0000000000015fc0                memcpy
                0x0000000000015fc0                memmove
 *fill*         0x00000000000161ec       0x14 
 .text.gmtime   0x0000000000016200       0x28 C:/devkitPro/devkitA64/bin/../lib/gcc/aarch64-none-elf/15.2.0/../../../../aarch64-none-elf/lib/pic\libg.a(libc_a-gmtime.o)
                0x0000000000016200                gmtime
 *fill*         0x0000000000016228       0x18 
 .text          0x0000000000016240      0x104 C:/devkitPro/devkitA64/bin/../lib/gcc/aarch64-none-elf/15.2.0/../../../../aarch64-none-elf/lib/pic\libg.a(libc_a-memset.o)
                0x0000000000016240                memset
 *fill*         0x0000000000016344       0x1c 
 .text.strcasecmp
                0x0000000000016360       0x74 C:/devkitPro/devkitA64/bin/../lib/gcc/aarch64-none-elf/15.2.0/../../../../aarch64-none-elf/lib/pic\libg.a(libc_a-strcasecmp.o)
                0x0000000000016360                strcasecmp
 *fill*         0x00000000000163d4        0xc 
 .text.snprintf
                0x00000000000163e0       0xf8 C:/devkitPro/devkitA64/bin/../lib/gcc/aarch64-none-elf/15.2.0/../../../../aarch64-none-elf/lib/pic\libg.a(libc_a-snprintf.o)
                0x00000000000163e0                snprintf
 *fill*         0x00000000000164d8        0x8 
 .text.printf   0x00000000000164e0       0x80 C:/devkitPro/devkitA64/bin/../lib/gcc/aarch64-none-elf/15.2.0/../../../../aarch64-none-elf/lib/pic\libg.a(libc_a-printf.o)
                0x00000000000164e0                printf
 .text._strtoul_l.isra.0
                0x0000000000016560      0x1a4 C:/devkitPro/devkitA64/bin/../lib/gcc/aarch64-none-elf/15.2.0/../../../../aarch64-none-elf/lib/pic\libg.a(libc_a-strtoul.o)
 *fill*         0x0000000000016704       0x1c 
 .text.strtoul  0x0000000000016720       0x40 C:/devkitPro/devkitA64/bin/../lib/gcc/aarch64-none-elf/15.2.0/../../../../aarch64-none-elf/lib/pic\libg.a(libc_a-strtoul.o)
                0x0000000000016720                strtoul
 *fill*         0x0000000000016760       0x20 
 .text          0x0000000000016780      0x12c C:/devkitPro/devkitA64/bin/../lib/gcc/aarch64-none-elf/15.2.0/../../../../aarch64-none-elf/lib/pic\libg.a(libc_a-strcpy.o)
                0x0000000000016780                strcpy
 *fill*         0x00000000000168ac       0x14 
 .text.aligned_alloc
                0x00000000000168c0       0x2c C:/devkitPro/devkitA64/bin/../lib/gcc/aarch64-none-elf/15.2.0/../../../../aarch64-none-elf/lib/pic\libg.a(libc_a-aligned_alloc.o)
                0x00000000000168c0                aligned_alloc
 *fill*         0x00000000000168ec       0x14 
 .text._memalign_r
                0x0000000000016900      0x18c C:/devkitPro/devkitA64/bin/../lib/gcc/aarch64-none-elf/15.2.0/../../../../aarch64-none-elf/lib/pic\libg.a(libc_a-malignr.o)
                0x0000000000016900                _memalign_r
 *fill*         0x0000000000016a8c       0x14 
 .text.__errno  0x0000000000016aa0       0x14 C:/devkitPro/devkitA64/bin/../lib/gcc/aarch64-none-elf/15.2.0/../../../../aarch64-none-elf/lib/pic\libg.a(libc_a-errno.o)
                0x0000000000016aa0                __errno
 *fill*         0x0000000000016ab4        0xc 
 .text          0x0000000000016ac0      0x130 C:/devkitPro/devkitA64/bin/../lib/gcc/aarch64-none-elf/15.2.0/../../../../aarch64-none-elf/lib/pic\libg.a(libc_a-strlen.o)
                0x0000000000016ac0                strlen
 *fill*         0x0000000000016bf0       0x10 
 .text.realloc  0x0000000000016c00       0x2c C:/devkitPro/devkitA64/bin/../lib/gcc/aarch64-none-elf/15.2.0/../../../../aarch64-none-elf/lib/pic\libg.a(libc_a-realloc.o)
                0x0000000000016c00                realloc
 *fill*         0x0000000000016c2c       0x14 
 .text          0x0000000000016c40      0x1b4 C:/devkitPro/devkitA64/bin/../lib/gcc/aarch64-none-elf/15.2.0/../../../../aarch64-none-elf/lib/pic\libg.a(libc_a-strncmp.o)
                0x0000000000016c40                strncmp
 *fill*         0x0000000000016df4        0xc 
 .text._malloc_r
                0x0000000000016e00      0x840 C:/devkitPro/devkitA64/bin/../lib/gcc/aarch64-none-elf/15.2.0/../../../../aarch64-none-elf/lib/pic\libg.a(libc_a-mallocr.o)
                0x0000000000016e00                _malloc_r
 .text._malloc_trim_r
                0x0000000000017640      0x11c C:/devkitPro/devkitA64/bin/../lib/gcc/aarch64-none-elf/15.2.0/../../../../aarch64-none-elf/lib/pic\libg.a(libc_a-freer.o)
                0x0000000000017640                _malloc_trim_r
 *fill*         0x000000000001775c        0x4 
 .text._free_r  0x0000000000017760      0x2d8 C:/devkitPro/devkitA64/bin/../lib/gcc/aarch64-none-elf/15.2.0/../../../../aarch64-none-elf/lib/pic\libg.a(libc_a-freer.o)
                0x0000000000017760                _free_r
 *fill*         0x0000000000017a38        0x8 
 .text.setvbuf  0x0000000000017a40      0x278 C:/devkitPro/devkitA64/bin/../lib/gcc/aarch64-none-elf/15.2.0/../../../../aarch64-none-elf/lib/pic\libg.a(libc_a-setvbuf.o)
                0x0000000000017a40                setvbuf
 *fill*         0x0000000000017cb8        0x8 
 .text.stdio_exit_handler
                0x0000000000017cc0       0x1c C:/devkitPro/devkitA64/bin/../lib/gcc/aarch64-none-elf/15.2.0/../../../../aarch64-none-elf/lib/pic\libg.a(libc_a-findfp.o)
 *fill*         0x0000000000017cdc        0x4 
 .text.cleanup_stdio
                0x0000000000017ce0       0x6c C:/devkitPro/devkitA64/bin/../lib/gcc/aarch64-none-elf/15.2.0/../../../../aarch64-none-elf/lib/pic\libg.a(libc_a-findfp.o)
 *fill*         0x0000000000017d4c       0x14 
 .text.global_stdio_init.part.0
                0x0000000000017d60      0x128 C:/devkitPro/devkitA64/bin/../lib/gcc/aarch64-none-elf/15.2.0/../../../../aarch64-none-elf/lib/pic\libg.a(libc_a-findfp.o)
 *fill*         0x0000000000017e88       0x18 
 .text.__sfp_lock_acquire
                0x0000000000017ea0        0xc C:/devkitPro/devkitA64/bin/../lib/gcc/aarch64-none-elf/15.2.0/../../../../aarch64-none-elf/lib/pic\libg.a(libc_a-findfp.o)
                0x0000000000017ea0                __sfp_lock_acquire
 *fill*         0x0000000000017eac       0x14 
 .text.__sfp_lock_release